Archive member included to satisfy reference by file (symbol)

c:/st/stm32cubeide_1.3.0/stm32cubeide/plugins/com.st.stm32cube.ide.mcu.externaltools.gnu-tools-for-stm32.7-2018-q2-update.win32_1.5.0.202011040924/tools/bin/../lib/gcc/arm-none-eabi/7.3.1/../../../../arm-none-eabi/lib/thumb/v7e-m/fpv4-sp/hard\libstdc++_nano.a(pure.o)
                              Guowlib_cpp/Src/task_wrapper.o (__cxa_pure_virtual)
c:/st/stm32cubeide_1.3.0/stm32cubeide/plugins/com.st.stm32cube.ide.mcu.externaltools.gnu-tools-for-stm32.7-2018-q2-update.win32_1.5.0.202011040924/tools/bin/../lib/gcc/arm-none-eabi/7.3.1/../../../../arm-none-eabi/lib/thumb/v7e-m/fpv4-sp/hard\libstdc++_nano.a(del_ops.o)
                              Core/Src/main.o (operator delete(void*, unsigned int))
c:/st/stm32cubeide_1.3.0/stm32cubeide/plugins/com.st.stm32cube.ide.mcu.externaltools.gnu-tools-for-stm32.7-2018-q2-update.win32_1.5.0.202011040924/tools/bin/../lib/gcc/arm-none-eabi/7.3.1/../../../../arm-none-eabi/lib/thumb/v7e-m/fpv4-sp/hard\libstdc++_nano.a(eh_terminate.o)
                              c:/st/stm32cubeide_1.3.0/stm32cubeide/plugins/com.st.stm32cube.ide.mcu.externaltools.gnu-tools-for-stm32.7-2018-q2-update.win32_1.5.0.202011040924/tools/bin/../lib/gcc/arm-none-eabi/7.3.1/../../../../arm-none-eabi/lib/thumb/v7e-m/fpv4-sp/hard\libstdc++_nano.a(pure.o) (std::terminate())
c:/st/stm32cubeide_1.3.0/stm32cubeide/plugins/com.st.stm32cube.ide.mcu.externaltools.gnu-tools-for-stm32.7-2018-q2-update.win32_1.5.0.202011040924/tools/bin/../lib/gcc/arm-none-eabi/7.3.1/../../../../arm-none-eabi/lib/thumb/v7e-m/fpv4-sp/hard\libstdc++_nano.a(eh_unex_handler.o)
                              c:/st/stm32cubeide_1.3.0/stm32cubeide/plugins/com.st.stm32cube.ide.mcu.externaltools.gnu-tools-for-stm32.7-2018-q2-update.win32_1.5.0.202011040924/tools/bin/../lib/gcc/arm-none-eabi/7.3.1/../../../../arm-none-eabi/lib/thumb/v7e-m/fpv4-sp/hard\libstdc++_nano.a(eh_terminate.o) (__cxxabiv1::__unexpected_handler)
c:/st/stm32cubeide_1.3.0/stm32cubeide/plugins/com.st.stm32cube.ide.mcu.externaltools.gnu-tools-for-stm32.7-2018-q2-update.win32_1.5.0.202011040924/tools/bin/../lib/gcc/arm-none-eabi/7.3.1/../../../../arm-none-eabi/lib/thumb/v7e-m/fpv4-sp/hard\libstdc++_nano.a(eh_term_handler.o)
                              c:/st/stm32cubeide_1.3.0/stm32cubeide/plugins/com.st.stm32cube.ide.mcu.externaltools.gnu-tools-for-stm32.7-2018-q2-update.win32_1.5.0.202011040924/tools/bin/../lib/gcc/arm-none-eabi/7.3.1/../../../../arm-none-eabi/lib/thumb/v7e-m/fpv4-sp/hard\libstdc++_nano.a(eh_terminate.o) (__cxxabiv1::__terminate_handler)
c:/st/stm32cubeide_1.3.0/stm32cubeide/plugins/com.st.stm32cube.ide.mcu.externaltools.gnu-tools-for-stm32.7-2018-q2-update.win32_1.5.0.202011040924/tools/bin/../lib/gcc/arm-none-eabi/7.3.1/../../../../arm-none-eabi/lib/thumb/v7e-m/fpv4-sp/hard\libc_nano.a(lib_a-abort.o)
                              c:/st/stm32cubeide_1.3.0/stm32cubeide/plugins/com.st.stm32cube.ide.mcu.externaltools.gnu-tools-for-stm32.7-2018-q2-update.win32_1.5.0.202011040924/tools/bin/../lib/gcc/arm-none-eabi/7.3.1/../../../../arm-none-eabi/lib/thumb/v7e-m/fpv4-sp/hard\libstdc++_nano.a(eh_terminate.o) (abort)
c:/st/stm32cubeide_1.3.0/stm32cubeide/plugins/com.st.stm32cube.ide.mcu.externaltools.gnu-tools-for-stm32.7-2018-q2-update.win32_1.5.0.202011040924/tools/bin/../lib/gcc/arm-none-eabi/7.3.1/../../../../arm-none-eabi/lib/thumb/v7e-m/fpv4-sp/hard\libc_nano.a(lib_a-errno.o)
                              Core/Src/syscalls.o (__errno)
c:/st/stm32cubeide_1.3.0/stm32cubeide/plugins/com.st.stm32cube.ide.mcu.externaltools.gnu-tools-for-stm32.7-2018-q2-update.win32_1.5.0.202011040924/tools/bin/../lib/gcc/arm-none-eabi/7.3.1/../../../../arm-none-eabi/lib/thumb/v7e-m/fpv4-sp/hard\libc_nano.a(lib_a-exit.o)
                              c:/st/stm32cubeide_1.3.0/stm32cubeide/plugins/com.st.stm32cube.ide.mcu.externaltools.gnu-tools-for-stm32.7-2018-q2-update.win32_1.5.0.202011040924/tools/bin/../lib/gcc/arm-none-eabi/7.3.1/../../../../arm-none-eabi/lib/thumb/v7e-m/fpv4-sp/hard/crt0.o (exit)
c:/st/stm32cubeide_1.3.0/stm32cubeide/plugins/com.st.stm32cube.ide.mcu.externaltools.gnu-tools-for-stm32.7-2018-q2-update.win32_1.5.0.202011040924/tools/bin/../lib/gcc/arm-none-eabi/7.3.1/../../../../arm-none-eabi/lib/thumb/v7e-m/fpv4-sp/hard\libc_nano.a(lib_a-impure.o)
                              c:/st/stm32cubeide_1.3.0/stm32cubeide/plugins/com.st.stm32cube.ide.mcu.externaltools.gnu-tools-for-stm32.7-2018-q2-update.win32_1.5.0.202011040924/tools/bin/../lib/gcc/arm-none-eabi/7.3.1/../../../../arm-none-eabi/lib/thumb/v7e-m/fpv4-sp/hard\libc_nano.a(lib_a-exit.o) (_global_impure_ptr)
c:/st/stm32cubeide_1.3.0/stm32cubeide/plugins/com.st.stm32cube.ide.mcu.externaltools.gnu-tools-for-stm32.7-2018-q2-update.win32_1.5.0.202011040924/tools/bin/../lib/gcc/arm-none-eabi/7.3.1/../../../../arm-none-eabi/lib/thumb/v7e-m/fpv4-sp/hard\libc_nano.a(lib_a-init.o)
[...]
Memory Configuration

Name             Origin             Length             Attributes
RAM              0x0000000020000000 0x0000000000020000 xrw
FLASH            0x0000000008000000 0x0000000000080000 xr
*default*        0x0000000000000000 0xffffffffffffffff

Linker script and memory map

LOAD c:/st/stm32cubeide_1.3.0/stm32cubeide/plugins/com.st.stm32cube.ide.mcu.externaltools.gnu-tools-for-stm32.7-2018-q2-update.win32_1.5.0.202011040924/tools/bin/../lib/gcc/arm-none-eabi/7.3.1/thumb/v7e-m/fpv4-sp/hard/crti.o
LOAD c:/st/stm32cubeide_1.3.0/stm32cubeide/plugins/com.st.stm32cube.ide.mcu.externaltools.gnu-tools-for-stm32.7-2018-q2-update.win32_1.5.0.202011040924/tools/bin/../lib/gcc/arm-none-eabi/7.3.1/thumb/v7e-m/fpv4-sp/hard/crtbegin.o
LOAD c:/st/stm32cubeide_1.3.0/stm32cubeide/plugins/com.st.stm32cube.ide.mcu.externaltools.gnu-tools-for-stm32.7-2018-q2-update.win32_1.5.0.202011040924/tools/bin/../lib/gcc/arm-none-eabi/7.3.1/../../../../arm-none-eabi/lib/thumb/v7e-m/fpv4-sp/hard/crt0.o
LOAD Core/Src/app_freertos.o
LOAD Core/Src/gpio.o
LOAD Core/Src/main.o
LOAD Core/Src/stm32g4xx_hal_msp.o
LOAD Core/Src/stm32g4xx_hal_timebase_tim.o
LOAD Core/Src/stm32g4xx_it.o
LOAD Core/Src/syscalls.o
LOAD Core/Src/sysmem.o
LOAD Core/Src/system_stm32g4xx.o
LOAD Core/Src/usart.o
LOAD Core/Startup/startup_stm32g474qetx.o
LOAD Drivers/STM32G4xx_HAL_Driver/Src/stm32g4xx_hal.o
LOAD Drivers/STM32G4xx_HAL_Driver/Src/stm32g4xx_hal_cortex.o
LOAD Drivers/STM32G4xx_HAL_Driver/Src/stm32g4xx_hal_dma.o
LOAD Drivers/STM32G4xx_HAL_Driver/Src/stm32g4xx_hal_dma_ex.o
LOAD Drivers/STM32G4xx_HAL_Driver/Src/stm32g4xx_hal_exti.o
LOAD Drivers/STM32G4xx_HAL_Driver/Src/stm32g4xx_hal_flash.o
LOAD Drivers/STM32G4xx_HAL_Driver/Src/stm32g4xx_hal_flash_ex.o
LOAD Drivers/STM32G4xx_HAL_Driver/Src/stm32g4xx_hal_flash_ramfunc.o
LOAD Drivers/STM32G4xx_HAL_Driver/Src/stm32g4xx_hal_gpio.o
LOAD Drivers/STM32G4xx_HAL_Driver/Src/stm32g4xx_hal_pwr.o
LOAD Drivers/STM32G4xx_HAL_Driver/Src/stm32g4xx_hal_pwr_ex.o
LOAD Drivers/STM32G4xx_HAL_Driver/Src/stm32g4xx_hal_rcc.o
LOAD Drivers/STM32G4xx_HAL_Driver/Src/stm32g4xx_hal_rcc_ex.o
LOAD Drivers/STM32G4xx_HAL_Driver/Src/stm32g4xx_hal_tim.o
LOAD Drivers/STM32G4xx_HAL_Driver/Src/stm32g4xx_hal_tim_ex.o
LOAD Drivers/STM32G4xx_HAL_Driver/Src/stm32g4xx_hal_uart.o
LOAD Drivers/STM32G4xx_HAL_Driver/Src/stm32g4xx_hal_uart_ex.o
LOAD Guowlib_cpp/Src/observable.o
LOAD Guowlib_cpp/Src/task_wrapper.o
LOAD Guowlib_cpp/Src/uart_wrapper.o
LOAD Middlewares/Third_Party/FreeRTOS/Source/CMSIS_RTOS/cmsis_os.o
LOAD Middlewares/Third_Party/FreeRTOS/Source/croutine.o
LOAD Middlewares/Third_Party/FreeRTOS/Source/event_groups.o
LOAD Middlewares/Third_Party/FreeRTOS/Source/list.o
LOAD Middlewares/Third_Party/FreeRTOS/Source/queue.o
LOAD Middlewares/Third_Party/FreeRTOS/Source/stream_buffer.o
LOAD Middlewares/Third_Party/FreeRTOS/Source/tasks.o
LOAD Middlewares/Third_Party/FreeRTOS/Source/timers.o
LOAD Middlewares/Third_Party/FreeRTOS/Source/portable/GCC/ARM_CM4F/port.o
LOAD Middlewares/Third_Party/FreeRTOS/Source/portable/MemMang/heap_4.o
START GROUP
LOAD c:/st/stm32cubeide_1.3.0/stm32cubeide/plugins/com.st.stm32cube.ide.mcu.externaltools.gnu-tools-for-stm32.7-2018-q2-update.win32_1.5.0.202011040924/tools/bin/../lib/gcc/arm-none-eabi/7.3.1/../../../../arm-none-eabi/lib/thumb/v7e-m/fpv4-sp/hard\libstdc++_nano.a
LOAD c:/st/stm32cubeide_1.3.0/stm32cubeide/plugins/com.st.stm32cube.ide.mcu.externaltools.gnu-tools-for-stm32.7-2018-q2-update.win32_1.5.0.202011040924/tools/bin/../lib/gcc/arm-none-eabi/7.3.1/../../../../arm-none-eabi/lib/thumb/v7e-m/fpv4-sp/hard\libsupc++_nano.a
END GROUP
LOAD c:/st/stm32cubeide_1.3.0/stm32cubeide/plugins/com.st.stm32cube.ide.mcu.externaltools.gnu-tools-for-stm32.7-2018-q2-update.win32_1.5.0.202011040924/tools/bin/../lib/gcc/arm-none-eabi/7.3.1/../../../../arm-none-eabi/lib/thumb/v7e-m/fpv4-sp/hard\libstdc++_nano.a
LOAD c:/st/stm32cubeide_1.3.0/stm32cubeide/plugins/com.st.stm32cube.ide.mcu.externaltools.gnu-tools-for-stm32.7-2018-q2-update.win32_1.5.0.202011040924/tools/bin/../lib/gcc/arm-none-eabi/7.3.1/../../../../arm-none-eabi/lib/thumb/v7e-m/fpv4-sp/hard\libm.a
LOAD c:/st/stm32cubeide_1.3.0/stm32cubeide/plugins/com.st.stm32cube.ide.mcu.externaltools.gnu-tools-for-stm32.7-2018-q2-update.win32_1.5.0.202011040924/tools/bin/../lib/gcc/arm-none-eabi/7.3.1/../../../../arm-none-eabi/lib/thumb/v7e-m/fpv4-sp/hard\libc_nano.a
START GROUP
LOAD c:/st/stm32cubeide_1.3.0/stm32cubeide/plugins/com.st.stm32cube.ide.mcu.externaltools.gnu-tools-for-stm32.7-2018-q2-update.win32_1.5.0.202011040924/tools/bin/../lib/gcc/arm-none-eabi/7.3.1/thumb/v7e-m/fpv4-sp/hard\libgcc.a
LOAD c:/st/stm32cubeide_1.3.0/stm32cubeide/plugins/com.st.stm32cube.ide.mcu.externaltools.gnu-tools-for-stm32.7-2018-q2-update.win32_1.5.0.202011040924/tools/bin/../lib/gcc/arm-none-eabi/7.3.1/../../../../arm-none-eabi/lib/thumb/v7e-m/fpv4-sp/hard\libc_nano.a
END GROUP
START GROUP
LOAD c:/st/stm32cubeide_1.3.0/stm32cubeide/plugins/com.st.stm32cube.ide.mcu.externaltools.gnu-tools-for-stm32.7-2018-q2-update.win32_1.5.0.202011040924/tools/bin/../lib/gcc/arm-none-eabi/7.3.1/thumb/v7e-m/fpv4-sp/hard\libgcc.a
LOAD c:/st/stm32cubeide_1.3.0/stm32cubeide/plugins/com.st.stm32cube.ide.mcu.externaltools.gnu-tools-for-stm32.7-2018-q2-update.win32_1.5.0.202011040924/tools/bin/../lib/gcc/arm-none-eabi/7.3.1/../../../../arm-none-eabi/lib/thumb/v7e-m/fpv4-sp/hard\libc_nano.a
LOAD c:/st/stm32cubeide_1.3.0/stm32cubeide/plugins/com.st.stm32cube.ide.mcu.externaltools.gnu-tools-for-stm32.7-2018-q2-update.win32_1.5.0.202011040924/tools/bin/../lib/gcc/arm-none-eabi/7.3.1/../../../../arm-none-eabi/lib/thumb/v7e-m/fpv4-sp/hard\libnosys.a
END GROUP
START GROUP
LOAD c:/st/stm32cubeide_1.3.0/stm32cubeide/plugins/com.st.stm32cube.ide.mcu.externaltools.gnu-tools-for-stm32.7-2018-q2-update.win32_1.5.0.202011040924/tools/bin/../lib/gcc/arm-none-eabi/7.3.1/thumb/v7e-m/fpv4-sp/hard\libgcc.a
LOAD c:/st/stm32cubeide_1.3.0/stm32cubeide/plugins/com.st.stm32cube.ide.mcu.externaltools.gnu-tools-for-stm32.7-2018-q2-update.win32_1.5.0.202011040924/tools/bin/../lib/gcc/arm-none-eabi/7.3.1/../../../../arm-none-eabi/lib/thumb/v7e-m/fpv4-sp/hard\libc_nano.a
LOAD c:/st/stm32cubeide_1.3.0/stm32cubeide/plugins/com.st.stm32cube.ide.mcu.externaltools.gnu-tools-for-stm32.7-2018-q2-update.win32_1.5.0.202011040924/tools/bin/../lib/gcc/arm-none-eabi/7.3.1/../../../../arm-none-eabi/lib/thumb/v7e-m/fpv4-sp/hard\libnosys.a
END GROUP
LOAD c:/st/stm32cubeide_1.3.0/stm32cubeide/plugins/com.st.stm32cube.ide.mcu.externaltools.gnu-tools-for-stm32.7-2018-q2-update.win32_1.5.0.202011040924/tools/bin/../lib/gcc/arm-none-eabi/7.3.1/thumb/v7e-m/fpv4-sp/hard/crtend.o
LOAD c:/st/stm32cubeide_1.3.0/stm32cubeide/plugins/com.st.stm32cube.ide.mcu.externaltools.gnu-tools-for-stm32.7-2018-q2-update.win32_1.5.0.202011040924/tools/bin/../lib/gcc/arm-none-eabi/7.3.1/thumb/v7e-m/fpv4-sp/hard/crtn.o
                0x0000000020020000                _estack = (ORIGIN (RAM) + LENGTH (RAM))
                0x0000000000000200                _Min_Heap_Size = 0x200
                0x0000000000000400                _Min_Stack_Size = 0x400

.isr_vector     0x0000000008000000      0x1d8
                0x0000000008000000                . = ALIGN (0x4)
 *(.isr_vector)
 .isr_vector    0x0000000008000000      0x1d8 Core/Startup/startup_stm32g474qetx.o
                0x0000000008000000                g_pfnVectors
                0x00000000080001d8                . = ALIGN (0x4)

.text           0x00000000080001e0     0x6be4
                0x00000000080001e0                . = ALIGN (0x4)
 *(.text)
 .text          0x00000000080001e0       0x40 c:/st/stm32cubeide_1.3.0/stm32cubeide/plugins/com.st.stm32cube.ide.mcu.externaltools.gnu-tools-for-stm32.7-2018-q2-update.win32_1.5.0.202011040924/tools/bin/../lib/gcc/arm-none-eabi/7.3.1/thumb/v7e-m/fpv4-sp/hard/crtbegin.o
 .text          0x0000000008000220       0x30 c:/st/stm32cubeide_1.3.0/stm32cubeide/plugins/com.st.stm32cube.ide.mcu.externaltools.gnu-tools-for-stm32.7-2018-q2-update.win32_1.5.0.202011040924/tools/bin/../lib/gcc/arm-none-eabi/7.3.1/thumb/v7e-m/fpv4-sp/hard\libgcc.a(_aeabi_uldivmod.o)
                0x0000000008000220                __aeabi_uldivmod
 .text          0x0000000008000250      0x2cc c:/st/stm32cubeide_1.3.0/stm32cubeide/plugins/com.st.stm32cube.ide.mcu.externaltools.gnu-tools-for-stm32.7-2018-q2-update.win32_1.5.0.202011040924/tools/bin/../lib/gcc/arm-none-eabi/7.3.1/thumb/v7e-m/fpv4-sp/hard\libgcc.a(_udivmoddi4.o)
                0x0000000008000250                __udivmoddi4
 .text          0x000000000800051c        0x4 c:/st/stm32cubeide_1.3.0/stm32cubeide/plugins/com.st.stm32cube.ide.mcu.externaltools.gnu-tools-for-stm32.7-2018-q2-update.win32_1.5.0.202011040924/tools/bin/../lib/gcc/arm-none-eabi/7.3.1/thumb/v7e-m/fpv4-sp/hard\libgcc.a(_dvmd_tls.o)
                0x000000000800051c                __aeabi_idiv0
                0x000000000800051c                __aeabi_ldiv0
 *(.text*)
 .text.MX_GPIO_Init
                0x0000000008000520       0x98 Core/Src/gpio.o
                0x0000000008000520                MX_GPIO_Init
 .text._Z16MX_FREERTOS_Initv
                0x00000000080005b8       0x34 Core/Src/main.o
                0x00000000080005b8                MX_FREERTOS_Init()
 .text._Z16StartDefaultTaskPKv
                0x00000000080005ec       0x20 Core/Src/main.o
                0x00000000080005ec                StartDefaultTask(void const*)
 .text._Znwj    0x000000000800060c       0x18 Core/Src/main.o
                0x000000000800060c                operator new(unsigned int)
 .text._Znaj    0x0000000008000624       0x18 Core/Src/main.o
                0x0000000008000624                operator new[](unsigned int)
 .text._ZdlPv   0x000000000800063c       0x16 Core/Src/main.o
                0x000000000800063c                operator delete(void*)
 *fill*         0x0000000008000652        0x2 
 .text._Z4led2P10ObservablePv
                0x0000000008000654       0x3c Core/Src/main.o
                0x0000000008000654                led2(Observable*, void*)
 .text.main     0x0000000008000690       0x88 Core/Src/main.o
                0x0000000008000690                main
 .text._Z18SystemClock_Configv
                0x0000000008000718       0xe8 Core/Src/main.o
                0x0000000008000718                SystemClock_Config()
 .text.HAL_UART_RxCpltCallback
                0x0000000008000800       0x20 Core/Src/main.o
                0x0000000008000800                HAL_UART_RxCpltCallback
 .text.HAL_TIM_PeriodElapsedCallback
                0x0000000008000820       0x24 Core/Src/main.o
                0x0000000008000820                HAL_TIM_PeriodElapsedCallback
 .text.Error_Handler
                0x0000000008000844        0x8 Core/Src/main.o
                0x0000000008000844                Error_Handler
 .text.HAL_MspInit
                0x000000000800084c       0x54 Core/Src/stm32g4xx_hal_msp.o
                0x000000000800084c                HAL_MspInit
 .text.HAL_InitTick
                0x00000000080008a0       0xe0 Core/Src/stm32g4xx_hal_timebase_tim.o
                0x00000000080008a0                HAL_InitTick
 .text.NMI_Handler
                0x0000000008000980        0x6 Core/Src/stm32g4xx_it.o
                0x0000000008000980                NMI_Handler
 .text.HardFault_Handler
                0x0000000008000986        0x6 Core/Src/stm32g4xx_it.o
                0x0000000008000986                HardFault_Handler
 .text.MemManage_Handler
                0x000000000800098c        0x6 Core/Src/stm32g4xx_it.o
                0x000000000800098c                MemManage_Handler
 .text.BusFault_Handler
                0x0000000008000992        0x6 Core/Src/stm32g4xx_it.o
                0x0000000008000992                BusFault_Handler
 .text.UsageFault_Handler
                0x0000000008000998        0x6 Core/Src/stm32g4xx_it.o
                0x0000000008000998                UsageFault_Handler
 .text.DebugMon_Handler
                0x000000000800099e        0xe Core/Src/stm32g4xx_it.o
                0x000000000800099e                DebugMon_Handler
 .text.TIM1_UP_TIM16_IRQHandler
                0x00000000080009ac       0x14 Core/Src/stm32g4xx_it.o
                0x00000000080009ac                TIM1_UP_TIM16_IRQHandler
 .text.UART4_IRQHandler
                0x00000000080009c0       0x14 Core/Src/stm32g4xx_it.o
                0x00000000080009c0                UART4_IRQHandler
 .text._getpid  0x00000000080009d4       0x10 Core/Src/syscalls.o
                0x00000000080009d4                _getpid
 .text._kill    0x00000000080009e4       0x20 Core/Src/syscalls.o
                0x00000000080009e4                _kill
 .text._exit    0x0000000008000a04       0x14 Core/Src/syscalls.o
                0x0000000008000a04                _exit
 .text.SystemInit
                0x0000000008000a18       0x2c Core/Src/system_stm32g4xx.o
                0x0000000008000a18                SystemInit
 .text.MX_UART4_Init
                0x0000000008000a44       0x98 Core/Src/usart.o
                0x0000000008000a44                MX_UART4_Init
 .text.HAL_UART_MspInit
                0x0000000008000adc       0x98 Core/Src/usart.o
                0x0000000008000adc                HAL_UART_MspInit
 .text.Reset_Handler
                0x0000000008000b74       0x50 Core/Startup/startup_stm32g474qetx.o
                0x0000000008000b74                Reset_Handler
 .text.Default_Handler
                0x0000000008000bc4        0x2 Core/Startup/startup_stm32g474qetx.o
                0x0000000008000bc4                RTC_Alarm_IRQHandler
                0x0000000008000bc4                EXTI2_IRQHandler
                0x0000000008000bc4                TIM8_TRG_COM_IRQHandler
                0x0000000008000bc4                TIM8_CC_IRQHandler
                0x0000000008000bc4                HRTIM1_Master_IRQHandler
                0x0000000008000bc4                SPI4_IRQHandler
                0x0000000008000bc4                FDCAN3_IT0_IRQHandler
                0x0000000008000bc4                TIM1_CC_IRQHandler
                0x0000000008000bc4                HRTIM1_FLT_IRQHandler
                0x0000000008000bc4                HRTIM1_TIMF_IRQHandler
                0x0000000008000bc4                USB_HP_IRQHandler
                0x0000000008000bc4                CORDIC_IRQHandler
                0x0000000008000bc4                HRTIM1_TIMD_IRQHandler
                0x0000000008000bc4                DMA2_Channel8_IRQHandler
                0x0000000008000bc4                EXTI3_IRQHandler
                0x0000000008000bc4                I2C3_ER_IRQHandler
                0x0000000008000bc4                EXTI0_IRQHandler
                0x0000000008000bc4                I2C2_EV_IRQHandler
                0x0000000008000bc4                FPU_IRQHandler
                0x0000000008000bc4                FDCAN1_IT1_IRQHandler
                0x0000000008000bc4                ADC1_2_IRQHandler
                0x0000000008000bc4                HRTIM1_TIME_IRQHandler
                0x0000000008000bc4                SPI1_IRQHandler
                0x0000000008000bc4                TIM6_DAC_IRQHandler
                0x0000000008000bc4                HRTIM1_TIMC_IRQHandler
                0x0000000008000bc4                TIM8_UP_IRQHandler
                0x0000000008000bc4                DMA2_Channel2_IRQHandler
                0x0000000008000bc4                DMA1_Channel4_IRQHandler
                0x0000000008000bc4                TIM20_TRG_COM_IRQHandler
                0x0000000008000bc4                USART3_IRQHandler
                0x0000000008000bc4                DMA1_Channel7_IRQHandler
                0x0000000008000bc4                UART5_IRQHandler
                0x0000000008000bc4                ADC3_IRQHandler
                0x0000000008000bc4                TIM4_IRQHandler
                0x0000000008000bc4                DMA2_Channel1_IRQHandler
                0x0000000008000bc4                QUADSPI_IRQHandler
                0x0000000008000bc4                I2C1_EV_IRQHandler
                0x0000000008000bc4                DMA1_Channel6_IRQHandler
                0x0000000008000bc4                DMA2_Channel4_IRQHandler
                0x0000000008000bc4                TIM3_IRQHandler
                0x0000000008000bc4                RCC_IRQHandler
                0x0000000008000bc4                TIM20_UP_IRQHandler
                0x0000000008000bc4                DMA1_Channel1_IRQHandler
                0x0000000008000bc4                Default_Handler
                0x0000000008000bc4                DMA2_Channel7_IRQHandler
                0x0000000008000bc4                RTC_TAMP_LSECSS_IRQHandler
                0x0000000008000bc4                FMAC_IRQHandler
                0x0000000008000bc4                EXTI15_10_IRQHandler
                0x0000000008000bc4                DMA1_Channel8_IRQHandler
                0x0000000008000bc4                HRTIM1_TIMA_IRQHandler
                0x0000000008000bc4                TIM7_DAC_IRQHandler
                0x0000000008000bc4                FDCAN3_IT1_IRQHandler
                0x0000000008000bc4                TIM5_IRQHandler
                0x0000000008000bc4                UCPD1_IRQHandler
                0x0000000008000bc4                I2C3_EV_IRQHandler
                0x0000000008000bc4                EXTI9_5_IRQHandler
                0x0000000008000bc4                RTC_WKUP_IRQHandler
                0x0000000008000bc4                PVD_PVM_IRQHandler
                0x0000000008000bc4                SPI2_IRQHandler
                0x0000000008000bc4                ADC5_IRQHandler
                0x0000000008000bc4                DMA2_Channel5_IRQHandler
                0x0000000008000bc4                CRS_IRQHandler
                0x0000000008000bc4                DMA1_Channel5_IRQHandler
                0x0000000008000bc4                USB_LP_IRQHandler
                0x0000000008000bc4                EXTI4_IRQHandler
                0x0000000008000bc4                RNG_IRQHandler
                0x0000000008000bc4                HRTIM1_TIMB_IRQHandler
                0x0000000008000bc4                TIM1_TRG_COM_TIM17_IRQHandler
                0x0000000008000bc4                FDCAN2_IT1_IRQHandler
                0x0000000008000bc4                DMA1_Channel3_IRQHandler
                0x0000000008000bc4                ADC4_IRQHandler
                0x0000000008000bc4                WWDG_IRQHandler
                0x0000000008000bc4                I2C4_EV_IRQHandler
                0x0000000008000bc4                FDCAN2_IT0_IRQHandler
                0x0000000008000bc4                LPUART1_IRQHandler
                0x0000000008000bc4                DMA2_Channel6_IRQHandler
                0x0000000008000bc4                FDCAN1_IT0_IRQHandler
                0x0000000008000bc4                TIM2_IRQHandler
                0x0000000008000bc4                COMP7_IRQHandler
                0x0000000008000bc4                COMP1_2_3_IRQHandler
                0x0000000008000bc4                EXTI1_IRQHandler
                0x0000000008000bc4                USART2_IRQHandler
                0x0000000008000bc4                COMP4_5_6_IRQHandler
                0x0000000008000bc4                TIM20_BRK_IRQHandler
                0x0000000008000bc4                I2C2_ER_IRQHandler
                0x0000000008000bc4                DMA1_Channel2_IRQHandler
                0x0000000008000bc4                TIM8_BRK_IRQHandler
                0x0000000008000bc4                FLASH_IRQHandler
                0x0000000008000bc4                TIM20_CC_IRQHandler
                0x0000000008000bc4                USART1_IRQHandler
                0x0000000008000bc4                SPI3_IRQHandler
                0x0000000008000bc4                I2C1_ER_IRQHandler
                0x0000000008000bc4                FMC_IRQHandler
                0x0000000008000bc4                LPTIM1_IRQHandler
                0x0000000008000bc4                DMAMUX_OVR_IRQHandler
                0x0000000008000bc4                I2C4_ER_IRQHandler
                0x0000000008000bc4                USBWakeUp_IRQHandler
                0x0000000008000bc4                SAI1_IRQHandler
                0x0000000008000bc4                DMA2_Channel3_IRQHandler
                0x0000000008000bc4                TIM1_BRK_TIM15_IRQHandler
 .text.HAL_Init
                0x0000000008000bc6       0x30 Drivers/STM32G4xx_HAL_Driver/Src/stm32g4xx_hal.o
                0x0000000008000bc6                HAL_Init
 *fill*         0x0000000008000bf6        0x2 
 .text.HAL_IncTick
                0x0000000008000bf8       0x24 Drivers/STM32G4xx_HAL_Driver/Src/stm32g4xx_hal.o
                0x0000000008000bf8                HAL_IncTick
 .text.HAL_GetTick
                0x0000000008000c1c       0x18 Drivers/STM32G4xx_HAL_Driver/Src/stm32g4xx_hal.o
                0x0000000008000c1c                HAL_GetTick
 .text.__NVIC_SetPriorityGrouping
                0x0000000008000c34       0x48 Drivers/STM32G4xx_HAL_Driver/Src/stm32g4xx_hal_cortex.o
 .text.__NVIC_GetPriorityGrouping
                0x0000000008000c7c       0x1c Drivers/STM32G4xx_HAL_Driver/Src/stm32g4xx_hal_cortex.o
 .text.__NVIC_EnableIRQ
                0x0000000008000c98       0x3c Drivers/STM32G4xx_HAL_Driver/Src/stm32g4xx_hal_cortex.o
 .text.__NVIC_SetPriority
                0x0000000008000cd4       0x54 Drivers/STM32G4xx_HAL_Driver/Src/stm32g4xx_hal_cortex.o
 .text.NVIC_EncodePriority
                0x0000000008000d28       0x66 Drivers/STM32G4xx_HAL_Driver/Src/stm32g4xx_hal_cortex.o
 .text.HAL_NVIC_SetPriorityGrouping
                0x0000000008000d8e       0x16 Drivers/STM32G4xx_HAL_Driver/Src/stm32g4xx_hal_cortex.o
                0x0000000008000d8e                HAL_NVIC_SetPriorityGrouping
 .text.HAL_NVIC_SetPriority
                0x0000000008000da4       0x34 Drivers/STM32G4xx_HAL_Driver/Src/stm32g4xx_hal_cortex.o
                0x0000000008000da4                HAL_NVIC_SetPriority
 .text.HAL_NVIC_EnableIRQ
                0x0000000008000dd8       0x1c Drivers/STM32G4xx_HAL_Driver/Src/stm32g4xx_hal_cortex.o
                0x0000000008000dd8                HAL_NVIC_EnableIRQ
 .text.HAL_DMA_Abort_IT
                0x0000000008000df4       0xce Drivers/STM32G4xx_HAL_Driver/Src/stm32g4xx_hal_dma.o
                0x0000000008000df4                HAL_DMA_Abort_IT
 *fill*         0x0000000008000ec2        0x2 
 .text.HAL_GPIO_Init
                0x0000000008000ec4      0x304 Drivers/STM32G4xx_HAL_Driver/Src/stm32g4xx_hal_gpio.o
                0x0000000008000ec4                HAL_GPIO_Init
 .text.HAL_GPIO_WritePin
                0x00000000080011c8       0x30 Drivers/STM32G4xx_HAL_Driver/Src/stm32g4xx_hal_gpio.o
                0x00000000080011c8                HAL_GPIO_WritePin
 .text.HAL_GPIO_TogglePin
                0x00000000080011f8       0x34 Drivers/STM32G4xx_HAL_Driver/Src/stm32g4xx_hal_gpio.o
                0x00000000080011f8                HAL_GPIO_TogglePin
 .text.HAL_PWREx_ControlVoltageScaling
                0x000000000800122c      0x148 Drivers/STM32G4xx_HAL_Driver/Src/stm32g4xx_hal_pwr_ex.o
                0x000000000800122c                HAL_PWREx_ControlVoltageScaling
 .text.HAL_PWREx_DisableUCPDDeadBattery
                0x0000000008001374       0x20 Drivers/STM32G4xx_HAL_Driver/Src/stm32g4xx_hal_pwr_ex.o
                0x0000000008001374                HAL_PWREx_DisableUCPDDeadBattery
 .text.HAL_RCC_OscConfig
                0x0000000008001394      0x630 Drivers/STM32G4xx_HAL_Driver/Src/stm32g4xx_hal_rcc.o
                0x0000000008001394                HAL_RCC_OscConfig
 .text.HAL_RCC_ClockConfig
                0x00000000080019c4      0x278 Drivers/STM32G4xx_HAL_Driver/Src/stm32g4xx_hal_rcc.o
                0x00000000080019c4                HAL_RCC_ClockConfig
 .text.HAL_RCC_GetSysClockFreq
                0x0000000008001c3c       0xc4 Drivers/STM32G4xx_HAL_Driver/Src/stm32g4xx_hal_rcc.o
                0x0000000008001c3c                HAL_RCC_GetSysClockFreq
 .text.HAL_RCC_GetHCLKFreq
                0x0000000008001d00       0x18 Drivers/STM32G4xx_HAL_Driver/Src/stm32g4xx_hal_rcc.o
                0x0000000008001d00                HAL_RCC_GetHCLKFreq
 .text.HAL_RCC_GetPCLK1Freq
                0x0000000008001d18       0x2c Drivers/STM32G4xx_HAL_Driver/Src/stm32g4xx_hal_rcc.o
                0x0000000008001d18                HAL_RCC_GetPCLK1Freq
 .text.HAL_RCC_GetPCLK2Freq
                0x0000000008001d44       0x2c Drivers/STM32G4xx_HAL_Driver/Src/stm32g4xx_hal_rcc.o
                0x0000000008001d44                HAL_RCC_GetPCLK2Freq
 .text.HAL_RCC_GetClockConfig
                0x0000000008001d70       0x64 Drivers/STM32G4xx_HAL_Driver/Src/stm32g4xx_hal_rcc.o
                0x0000000008001d70                HAL_RCC_GetClockConfig
 .text.RCC_GetSysClockFreqFromPLLSource
                0x0000000008001dd4       0x8c Drivers/STM32G4xx_HAL_Driver/Src/stm32g4xx_hal_rcc.o
 .text.HAL_RCCEx_PeriphCLKConfig
                0x0000000008001e60      0x498 Drivers/STM32G4xx_HAL_Driver/Src/stm32g4xx_hal_rcc_ex.o
                0x0000000008001e60                HAL_RCCEx_PeriphCLKConfig
 .text.HAL_TIM_Base_Init
                0x00000000080022f8       0xae Drivers/STM32G4xx_HAL_Driver/Src/stm32g4xx_hal_tim.o
                0x00000000080022f8                HAL_TIM_Base_Init
 .text.HAL_TIM_Base_MspInit
                0x00000000080023a6       0x14 Drivers/STM32G4xx_HAL_Driver/Src/stm32g4xx_hal_tim.o
                0x00000000080023a6                HAL_TIM_Base_MspInit
 *fill*         0x00000000080023ba        0x2 
 .text.HAL_TIM_Base_Start_IT
                0x00000000080023bc       0xf0 Drivers/STM32G4xx_HAL_Driver/Src/stm32g4xx_hal_tim.o
                0x00000000080023bc                HAL_TIM_Base_Start_IT
 .text.HAL_TIM_IRQHandler
                0x00000000080024ac      0x2fe Drivers/STM32G4xx_HAL_Driver/Src/stm32g4xx_hal_tim.o
                0x00000000080024ac                HAL_TIM_IRQHandler
 .text.HAL_TIM_OC_DelayElapsedCallback
                0x00000000080027aa       0x14 Drivers/STM32G4xx_HAL_Driver/Src/stm32g4xx_hal_tim.o
                0x00000000080027aa                HAL_TIM_OC_DelayElapsedCallback
 .text.HAL_TIM_IC_CaptureCallback
                0x00000000080027be       0x14 Drivers/STM32G4xx_HAL_Driver/Src/stm32g4xx_hal_tim.o
                0x00000000080027be                HAL_TIM_IC_CaptureCallback
 .text.HAL_TIM_PWM_PulseFinishedCallback
                0x00000000080027d2       0x14 Drivers/STM32G4xx_HAL_Driver/Src/stm32g4xx_hal_tim.o
                0x00000000080027d2                HAL_TIM_PWM_PulseFinishedCallback
 .text.HAL_TIM_TriggerCallback
                0x00000000080027e6       0x14 Drivers/STM32G4xx_HAL_Driver/Src/stm32g4xx_hal_tim.o
                0x00000000080027e6                HAL_TIM_TriggerCallback
 *fill*         0x00000000080027fa        0x2 
 .text.TIM_Base_SetConfig
                0x00000000080027fc      0x150 Drivers/STM32G4xx_HAL_Driver/Src/stm32g4xx_hal_tim.o
                0x00000000080027fc                TIM_Base_SetConfig
 .text.HAL_TIMEx_CommutCallback
                0x000000000800294c       0x14 Drivers/STM32G4xx_HAL_Driver/Src/stm32g4xx_hal_tim_ex.o
                0x000000000800294c                HAL_TIMEx_CommutCallback
 .text.HAL_TIMEx_BreakCallback
                0x0000000008002960       0x14 Drivers/STM32G4xx_HAL_Driver/Src/stm32g4xx_hal_tim_ex.o
                0x0000000008002960                HAL_TIMEx_BreakCallback
 .text.HAL_TIMEx_Break2Callback
                0x0000000008002974       0x14 Drivers/STM32G4xx_HAL_Driver/Src/stm32g4xx_hal_tim_ex.o
                0x0000000008002974                HAL_TIMEx_Break2Callback
 .text.HAL_TIMEx_EncoderIndexCallback
                0x0000000008002988       0x14 Drivers/STM32G4xx_HAL_Driver/Src/stm32g4xx_hal_tim_ex.o
                0x0000000008002988                HAL_TIMEx_EncoderIndexCallback
 .text.HAL_TIMEx_DirectionChangeCallback
                0x000000000800299c       0x14 Drivers/STM32G4xx_HAL_Driver/Src/stm32g4xx_hal_tim_ex.o
                0x000000000800299c                HAL_TIMEx_DirectionChangeCallback
 .text.HAL_TIMEx_IndexErrorCallback
                0x00000000080029b0       0x14 Drivers/STM32G4xx_HAL_Driver/Src/stm32g4xx_hal_tim_ex.o
                0x00000000080029b0                HAL_TIMEx_IndexErrorCallback
 .text.HAL_TIMEx_TransitionErrorCallback
                0x00000000080029c4       0x14 Drivers/STM32G4xx_HAL_Driver/Src/stm32g4xx_hal_tim_ex.o
                0x00000000080029c4                HAL_TIMEx_TransitionErrorCallback
 .text.HAL_UART_Init
                0x00000000080029d8       0xa0 Drivers/STM32G4xx_HAL_Driver/Src/stm32g4xx_hal_uart.o
                0x00000000080029d8                HAL_UART_Init
 .text.HAL_UART_Transmit
                0x0000000008002a78      0x12c Drivers/STM32G4xx_HAL_Driver/Src/stm32g4xx_hal_uart.o
                0x0000000008002a78                HAL_UART_Transmit
 .text.HAL_UART_IRQHandler
                0x0000000008002ba4      0x300 Drivers/STM32G4xx_HAL_Driver/Src/stm32g4xx_hal_uart.o
                0x0000000008002ba4                HAL_UART_IRQHandler
 .text.HAL_UART_TxCpltCallback
                0x0000000008002ea4       0x14 Drivers/STM32G4xx_HAL_Driver/Src/stm32g4xx_hal_uart.o
                0x0000000008002ea4                HAL_UART_TxCpltCallback
 .text.HAL_UART_ErrorCallback
                0x0000000008002eb8       0x14 Drivers/STM32G4xx_HAL_Driver/Src/stm32g4xx_hal_uart.o
                0x0000000008002eb8                HAL_UART_ErrorCallback
 .text.UART_SetConfig
                0x0000000008002ecc      0x5a4 Drivers/STM32G4xx_HAL_Driver/Src/stm32g4xx_hal_uart.o
                0x0000000008002ecc                UART_SetConfig
 .text.UART_AdvFeatureConfig
                0x0000000008003470      0x144 Drivers/STM32G4xx_HAL_Driver/Src/stm32g4xx_hal_uart.o
                0x0000000008003470                UART_AdvFeatureConfig
 .text.UART_CheckIdleState
                0x00000000080035b4       0x90 Drivers/STM32G4xx_HAL_Driver/Src/stm32g4xx_hal_uart.o
                0x00000000080035b4                UART_CheckIdleState
 .text.UART_WaitOnFlagUntilTimeout
                0x0000000008003644      0x100 Drivers/STM32G4xx_HAL_Driver/Src/stm32g4xx_hal_uart.o
                0x0000000008003644                UART_WaitOnFlagUntilTimeout
 .text.UART_EndRxTransfer
                0x0000000008003744       0x46 Drivers/STM32G4xx_HAL_Driver/Src/stm32g4xx_hal_uart.o
 .text.UART_DMAAbortOnError
                0x000000000800378a       0x2c Drivers/STM32G4xx_HAL_Driver/Src/stm32g4xx_hal_uart.o
 .text.UART_EndTransmit_IT
                0x00000000080037b6       0x34 Drivers/STM32G4xx_HAL_Driver/Src/stm32g4xx_hal_uart.o
 .text.HAL_UARTEx_WakeupCallback
                0x00000000080037ea       0x14 Drivers/STM32G4xx_HAL_Driver/Src/stm32g4xx_hal_uart_ex.o
                0x00000000080037ea                HAL_UARTEx_WakeupCallback
 .text.HAL_UARTEx_RxFifoFullCallback
                0x00000000080037fe       0x14 Drivers/STM32G4xx_HAL_Driver/Src/stm32g4xx_hal_uart_ex.o
                0x00000000080037fe                HAL_UARTEx_RxFifoFullCallback
 .text.HAL_UARTEx_TxFifoEmptyCallback
                0x0000000008003812       0x14 Drivers/STM32G4xx_HAL_Driver/Src/stm32g4xx_hal_uart_ex.o
                0x0000000008003812                HAL_UARTEx_TxFifoEmptyCallback
 .text.HAL_UARTEx_EnableFifoMode
                0x0000000008003826       0x76 Drivers/STM32G4xx_HAL_Driver/Src/stm32g4xx_hal_uart_ex.o
                0x0000000008003826                HAL_UARTEx_EnableFifoMode
 .text.HAL_UARTEx_SetTxFifoThreshold
                0x000000000800389c       0x7c Drivers/STM32G4xx_HAL_Driver/Src/stm32g4xx_hal_uart_ex.o
                0x000000000800389c                HAL_UARTEx_SetTxFifoThreshold
 .text.HAL_UARTEx_SetRxFifoThreshold
                0x0000000008003918       0x7c Drivers/STM32G4xx_HAL_Driver/Src/stm32g4xx_hal_uart_ex.o
                0x0000000008003918                HAL_UARTEx_SetRxFifoThreshold
 .text.UARTEx_SetNbDataToProcess
                0x0000000008003994       0xd0 Drivers/STM32G4xx_HAL_Driver/Src/stm32g4xx_hal_uart_ex.o
 .text._ZN10ObservableC2EPPFvPS_PvEi
                0x0000000008003a64       0x34 Guowlib_cpp/Src/observable.o
                0x0000000008003a64                Observable::Observable(void (**)(Observable*, void*), int)
                0x0000000008003a64                Observable::Observable(void (**)(Observable*, void*), int)
 .text._ZN10Observable9subscribeEPFvPS_PvE
                0x0000000008003a98       0x30 Guowlib_cpp/Src/observable.o
                0x0000000008003a98                Observable::subscribe(void (*)(Observable*, void*))
 .text._ZN10Observable6notifyEv
                0x0000000008003ac8       0x3c Guowlib_cpp/Src/observable.o
                0x0000000008003ac8                Observable::notify()
 .text._ZN9TaskClassC2EPKcmt
                0x0000000008003b04       0x3c Guowlib_cpp/Src/task_wrapper.o
                0x0000000008003b04                TaskClass::TaskClass(char const*, unsigned long, unsigned short)
                0x0000000008003b04                TaskClass::TaskClass(char const*, unsigned long, unsigned short)
 .text._ZN9TaskClass12taskFunctionEPv
                0x0000000008003b40       0x1e Guowlib_cpp/Src/task_wrapper.o
                0x0000000008003b40                TaskClass::taskFunction(void*)
 *fill*         0x0000000008003b5e        0x2 
 .text._ZN12UART_WrapperC2EP20__UART_HandleTypeDefPhmPPFvP10ObservablePvEi
                0x0000000008003b60       0x9c Guowlib_cpp/Src/uart_wrapper.o
                0x0000000008003b60                UART_Wrapper::UART_Wrapper(__UART_HandleTypeDef*, unsigned char*, unsigned long, void (**)(Observable*, void*), int)
                0x0000000008003b60                UART_Wrapper::UART_Wrapper(__UART_HandleTypeDef*, unsigned char*, unsigned long, void (**)(Observable*, void*), int)
 .text._ZN12UART_Wrapper4taskEv
                0x0000000008003bfc       0xe4 Guowlib_cpp/Src/uart_wrapper.o
                0x0000000008003bfc                UART_Wrapper::task()
 .text._ZN12UART_Wrapper10sendStringEPKc
                0x0000000008003ce0       0x2e Guowlib_cpp/Src/uart_wrapper.o
                0x0000000008003ce0                UART_Wrapper::sendString(char const*)
 *fill*         0x0000000008003d0e        0x2 
 .text._ZN12UART_Wrapper7startRxEv
                0x0000000008003d10      0x138 Guowlib_cpp/Src/uart_wrapper.o
                0x0000000008003d10                UART_Wrapper::startRx()
 .text._ZN12UART_Wrapper10rxCallbackEv
                0x0000000008003e48      0x13e Guowlib_cpp/Src/uart_wrapper.o
                0x0000000008003e48                UART_Wrapper::rxCallback()
 .text._ZN12UART_Wrapper26getNextFreeRxPositionInBufEv
                0x0000000008003f86       0x4a Guowlib_cpp/Src/uart_wrapper.o
                0x0000000008003f86                UART_Wrapper::getNextFreeRxPositionInBuf()
 .text._ZN12UART_Wrapper15UART_RxISR_8BITEP20__UART_HandleTypeDef
                0x0000000008003fd0       0x16 Guowlib_cpp/Src/uart_wrapper.o
                0x0000000008003fd0                UART_Wrapper::UART_RxISR_8BIT(__UART_HandleTypeDef*)
 .text.makeFreeRtosPriority
                0x0000000008003fe6       0x30 Middlewares/Third_Party/FreeRTOS/Source/CMSIS_RTOS/cmsis_os.o
 .text.osKernelStart
                0x0000000008004016        0xe Middlewares/Third_Party/FreeRTOS/Source/CMSIS_RTOS/cmsis_os.o
                0x0000000008004016                osKernelStart
 .text.osThreadCreate
                0x0000000008004024       0x4e Middlewares/Third_Party/FreeRTOS/Source/CMSIS_RTOS/cmsis_os.o
                0x0000000008004024                osThreadCreate
 .text.osDelay  0x0000000008004072       0x28 Middlewares/Third_Party/FreeRTOS/Source/CMSIS_RTOS/cmsis_os.o
                0x0000000008004072                osDelay
 .text.vListInitialise
                0x000000000800409a       0x40 Middlewares/Third_Party/FreeRTOS/Source/list.o
                0x000000000800409a                vListInitialise
 .text.vListInitialiseItem
                0x00000000080040da       0x1a Middlewares/Third_Party/FreeRTOS/Source/list.o
                0x00000000080040da                vListInitialiseItem
 .text.vListInsertEnd
                0x00000000080040f4       0x48 Middlewares/Third_Party/FreeRTOS/Source/list.o
                0x00000000080040f4                vListInsertEnd
 .text.vListInsert
                0x000000000800413c       0x72 Middlewares/Third_Party/FreeRTOS/Source/list.o
                0x000000000800413c                vListInsert
 .text.uxListRemove
                0x00000000080041ae       0x54 Middlewares/Third_Party/FreeRTOS/Source/list.o
                0x00000000080041ae                uxListRemove
 *fill*         0x0000000008004202        0x2 
 .text.xQueueGenericReset
                0x0000000008004204       0xd0 Middlewares/Third_Party/FreeRTOS/Source/queue.o
                0x0000000008004204                xQueueGenericReset
 .text.xQueueGenericCreate
                0x00000000080042d4       0x76 Middlewares/Third_Party/FreeRTOS/Source/queue.o
                0x00000000080042d4                xQueueGenericCreate
 .text.prvInitialiseNewQueue
                0x000000000800434a       0x3e Middlewares/Third_Party/FreeRTOS/Source/queue.o
 .text.xQueueCreateCountingSemaphore
                0x0000000008004388       0x62 Middlewares/Third_Party/FreeRTOS/Source/queue.o
                0x0000000008004388                xQueueCreateCountingSemaphore
 *fill*         0x00000000080043ea        0x2 
 .text.xQueueGenericSend
                0x00000000080043ec      0x1f4 Middlewares/Third_Party/FreeRTOS/Source/queue.o
                0x00000000080043ec                xQueueGenericSend
 .text.xQueueGenericSendFromISR
                0x00000000080045e0      0x128 Middlewares/Third_Party/FreeRTOS/Source/queue.o
                0x00000000080045e0                xQueueGenericSendFromISR
 .text.xQueueGiveFromISR
                0x0000000008004708      0x112 Middlewares/Third_Party/FreeRTOS/Source/queue.o
                0x0000000008004708                xQueueGiveFromISR
 *fill*         0x000000000800481a        0x2 
 .text.xQueueReceive
                0x000000000800481c      0x1b8 Middlewares/Third_Party/FreeRTOS/Source/queue.o
                0x000000000800481c                xQueueReceive
 .text.xQueueSemaphoreTake
                0x00000000080049d4      0x210 Middlewares/Third_Party/FreeRTOS/Source/queue.o
                0x00000000080049d4                xQueueSemaphoreTake
 .text.prvGetDisinheritPriorityAfterTimeout
                0x0000000008004be4       0x30 Middlewares/Third_Party/FreeRTOS/Source/queue.o
 .text.prvCopyDataToQueue
                0x0000000008004c14       0xd4 Middlewares/Third_Party/FreeRTOS/Source/queue.o
 .text.prvCopyDataFromQueue
                0x0000000008004ce8       0x4c Middlewares/Third_Party/FreeRTOS/Source/queue.o
 .text.prvUnlockQueue
                0x0000000008004d34       0xa4 Middlewares/Third_Party/FreeRTOS/Source/queue.o
 .text.prvIsQueueEmpty
                0x0000000008004dd8       0x2c Middlewares/Third_Party/FreeRTOS/Source/queue.o
 .text.prvIsQueueFull
                0x0000000008004e04       0x30 Middlewares/Third_Party/FreeRTOS/Source/queue.o
 .text.vQueueAddToRegistry
                0x0000000008004e34       0x50 Middlewares/Third_Party/FreeRTOS/Source/queue.o
                0x0000000008004e34                vQueueAddToRegistry
 .text.vQueueWaitForMessageRestricted
                0x0000000008004e84       0x68 Middlewares/Third_Party/FreeRTOS/Source/queue.o
                0x0000000008004e84                vQueueWaitForMessageRestricted
 .text.xTaskCreate
                0x0000000008004eec       0x82 Middlewares/Third_Party/FreeRTOS/Source/tasks.o
                0x0000000008004eec                xTaskCreate
 .text.prvInitialiseNewTask
                0x0000000008004f6e      0x10c Middlewares/Third_Party/FreeRTOS/Source/tasks.o
 *fill*         0x000000000800507a        0x2 
 .text.prvAddNewTaskToReadyList
                0x000000000800507c       0xd4 Middlewares/Third_Party/FreeRTOS/Source/tasks.o
 .text.vTaskDelay
                0x0000000008005150       0x68 Middlewares/Third_Party/FreeRTOS/Source/tasks.o
                0x0000000008005150                vTaskDelay
 .text.vTaskStartScheduler
                0x00000000080051b8       0x98 Middlewares/Third_Party/FreeRTOS/Source/tasks.o
                0x00000000080051b8                vTaskStartScheduler
 .text.vTaskSuspendAll
                0x0000000008005250       0x1c Middlewares/Third_Party/FreeRTOS/Source/tasks.o
                0x0000000008005250                vTaskSuspendAll
 .text.xTaskResumeAll
                0x000000000800526c      0x138 Middlewares/Third_Party/FreeRTOS/Source/tasks.o
                0x000000000800526c                xTaskResumeAll
 .text.xTaskGetTickCount
                0x00000000080053a4       0x20 Middlewares/Third_Party/FreeRTOS/Source/tasks.o
                0x00000000080053a4                xTaskGetTickCount
 .text.xTaskIncrementTick
                0x00000000080053c4      0x170 Middlewares/Third_Party/FreeRTOS/Source/tasks.o
                0x00000000080053c4                xTaskIncrementTick
 .text.vTaskSwitchContext
                0x0000000008005534       0xb4 Middlewares/Third_Party/FreeRTOS/Source/tasks.o
                0x0000000008005534                vTaskSwitchContext
 .text.vTaskPlaceOnEventList
                0x00000000080055e8       0x48 Middlewares/Third_Party/FreeRTOS/Source/tasks.o
                0x00000000080055e8                vTaskPlaceOnEventList
 .text.vTaskPlaceOnEventListRestricted
                0x0000000008005630       0x54 Middlewares/Third_Party/FreeRTOS/Source/tasks.o
                0x0000000008005630                vTaskPlaceOnEventListRestricted
 .text.xTaskRemoveFromEventList
                0x0000000008005684       0xc4 Middlewares/Third_Party/FreeRTOS/Source/tasks.o
                0x0000000008005684                xTaskRemoveFromEventList
 .text.vTaskInternalSetTimeOutState
                0x0000000008005748       0x2c Middlewares/Third_Party/FreeRTOS/Source/tasks.o
                0x0000000008005748                vTaskInternalSetTimeOutState
 .text.xTaskCheckForTimeOut
                0x0000000008005774       0xc0 Middlewares/Third_Party/FreeRTOS/Source/tasks.o
                0x0000000008005774                xTaskCheckForTimeOut
 .text.vTaskMissedYield
                0x0000000008005834       0x18 Middlewares/Third_Party/FreeRTOS/Source/tasks.o
                0x0000000008005834                vTaskMissedYield
 .text.prvIdleTask
                0x000000000800584c       0x30 Middlewares/Third_Party/FreeRTOS/Source/tasks.o
 .text.prvInitialiseTaskLists
                0x000000000800587c       0x80 Middlewares/Third_Party/FreeRTOS/Source/tasks.o
 .text.prvCheckTasksWaitingTermination
                0x00000000080058fc       0x58 Middlewares/Third_Party/FreeRTOS/Source/tasks.o
 .text.prvDeleteTCB
                0x0000000008005954       0x20 Middlewares/Third_Party/FreeRTOS/Source/tasks.o
 .text.prvResetNextTaskUnblockTime
                0x0000000008005974       0x40 Middlewares/Third_Party/FreeRTOS/Source/tasks.o
 .text.xTaskGetSchedulerState
                0x00000000080059b4       0x3c Middlewares/Third_Party/FreeRTOS/Source/tasks.o
                0x00000000080059b4                xTaskGetSchedulerState
 .text.xTaskPriorityInherit
                0x00000000080059f0      0x100 Middlewares/Third_Party/FreeRTOS/Source/tasks.o
                0x00000000080059f0                xTaskPriorityInherit
 .text.xTaskPriorityDisinherit
                0x0000000008005af0      0x108 Middlewares/Third_Party/FreeRTOS/Source/tasks.o
                0x0000000008005af0                xTaskPriorityDisinherit
 .text.vTaskPriorityDisinheritAfterTimeout
                0x0000000008005bf8      0x130 Middlewares/Third_Party/FreeRTOS/Source/tasks.o
                0x0000000008005bf8                vTaskPriorityDisinheritAfterTimeout
 .text.pvTaskIncrementMutexHeldCount
                0x0000000008005d28       0x28 Middlewares/Third_Party/FreeRTOS/Source/tasks.o
                0x0000000008005d28                pvTaskIncrementMutexHeldCount
 .text.prvAddCurrentTaskToDelayedList
                0x0000000008005d50       0xcc Middlewares/Third_Party/FreeRTOS/Source/tasks.o
 .text.xTimerCreateTimerTask
                0x0000000008005e1c       0x64 Middlewares/Third_Party/FreeRTOS/Source/timers.o
                0x0000000008005e1c                xTimerCreateTimerTask
 .text.xTimerGenericCommand
                0x0000000008005e80       0x98 Middlewares/Third_Party/FreeRTOS/Source/timers.o
                0x0000000008005e80                xTimerGenericCommand
 .text.prvProcessExpiredTimer
                0x0000000008005f18       0x98 Middlewares/Third_Party/FreeRTOS/Source/timers.o
 .text.prvTimerTask
                0x0000000008005fb0       0x24 Middlewares/Third_Party/FreeRTOS/Source/timers.o
 .text.prvProcessTimerOrBlockTask
                0x0000000008005fd4       0x9c Middlewares/Third_Party/FreeRTOS/Source/timers.o
 .text.prvGetNextExpireTime
                0x0000000008006070       0x48 Middlewares/Third_Party/FreeRTOS/Source/timers.o
 .text.prvSampleTimeNow
                0x00000000080060b8       0x40 Middlewares/Third_Party/FreeRTOS/Source/timers.o
 .text.prvInsertTimerInActiveList
                0x00000000080060f8       0x84 Middlewares/Third_Party/FreeRTOS/Source/timers.o
 .text.prvProcessReceivedCommands
                0x000000000800617c      0x188 Middlewares/Third_Party/FreeRTOS/Source/timers.o
 .text.prvSwitchTimerLists
                0x0000000008006304       0xc8 Middlewares/Third_Party/FreeRTOS/Source/timers.o
 .text.prvCheckForValidListAndQueue
                0x00000000080063cc       0x6c Middlewares/Third_Party/FreeRTOS/Source/timers.o
 .text.pxPortInitialiseStack
                0x0000000008006438       0x68 Middlewares/Third_Party/FreeRTOS/Source/portable/GCC/ARM_CM4F/port.o
                0x0000000008006438                pxPortInitialiseStack
 .text.prvTaskExitError
                0x00000000080064a0       0x54 Middlewares/Third_Party/FreeRTOS/Source/portable/GCC/ARM_CM4F/port.o
 *fill*         0x00000000080064f4        0xc 
 .text.SVC_Handler
                0x0000000008006500       0x28 Middlewares/Third_Party/FreeRTOS/Source/portable/GCC/ARM_CM4F/port.o
                0x0000000008006500                SVC_Handler
 .text.prvPortStartFirstTask
                0x0000000008006528       0x28 Middlewares/Third_Party/FreeRTOS/Source/portable/GCC/ARM_CM4F/port.o
 .text.xPortStartScheduler
                0x0000000008006550      0x13c Middlewares/Third_Party/FreeRTOS/Source/portable/GCC/ARM_CM4F/port.o
                0x0000000008006550                xPortStartScheduler
 .text.vPortEnterCritical
                0x000000000800668c       0x5c Middlewares/Third_Party/FreeRTOS/Source/portable/GCC/ARM_CM4F/port.o
                0x000000000800668c                vPortEnterCritical
 .text.vPortExitCritical
                0x00000000080066e8       0x50 Middlewares/Third_Party/FreeRTOS/Source/portable/GCC/ARM_CM4F/port.o
                0x00000000080066e8                vPortExitCritical
 *fill*         0x0000000008006738        0x8 
 .text.PendSV_Handler
                0x0000000008006740       0x68 Middlewares/Third_Party/FreeRTOS/Source/portable/GCC/ARM_CM4F/port.o
                0x0000000008006740                PendSV_Handler
 .text.SysTick_Handler
                0x00000000080067a8       0x40 Middlewares/Third_Party/FreeRTOS/Source/portable/GCC/ARM_CM4F/port.o
                0x00000000080067a8                SysTick_Handler
 .text.vPortSetupTimerInterrupt
                0x00000000080067e8       0x48 Middlewares/Third_Party/FreeRTOS/Source/portable/GCC/ARM_CM4F/port.o
                0x00000000080067e8                vPortSetupTimerInterrupt
 .text.vPortEnableVFP
                0x0000000008006830       0x14 Middlewares/Third_Party/FreeRTOS/Source/portable/GCC/ARM_CM4F/port.o
 .text.vPortValidateInterruptPriority
                0x0000000008006844       0x7c Middlewares/Third_Party/FreeRTOS/Source/portable/GCC/ARM_CM4F/port.o
                0x0000000008006844                vPortValidateInterruptPriority
 .text.pvPortMalloc
                0x00000000080068c0      0x184 Middlewares/Third_Party/FreeRTOS/Source/portable/MemMang/heap_4.o
                0x00000000080068c0                pvPortMalloc
 .text.vPortFree
                0x0000000008006a44       0xb0 Middlewares/Third_Party/FreeRTOS/Source/portable/MemMang/heap_4.o
                0x0000000008006a44                vPortFree
 .text.prvHeapInit
                0x0000000008006af4       0xc4 Middlewares/Third_Party/FreeRTOS/Source/portable/MemMang/heap_4.o
 .text.prvInsertBlockIntoFreeList
                0x0000000008006bb8       0xb4 Middlewares/Third_Party/FreeRTOS/Source/portable/MemMang/heap_4.o
 .text.__cxa_pure_virtual
                0x0000000008006c6c        0x6 c:/st/stm32cubeide_1.3.0/stm32cubeide/plugins/com.st.stm32cube.ide.mcu.externaltools.gnu-tools-for-stm32.7-2018-q2-update.win32_1.5.0.202011040924/tools/bin/../lib/gcc/arm-none-eabi/7.3.1/../../../../arm-none-eabi/lib/thumb/v7e-m/fpv4-sp/hard\libstdc++_nano.a(pure.o)
                0x0000000008006c6c                __cxa_pure_virtual
 .text._ZdlPvj  0x0000000008006c72        0x4 c:/st/stm32cubeide_1.3.0/stm32cubeide/plugins/com.st.stm32cube.ide.mcu.externaltools.gnu-tools-for-stm32.7-2018-q2-update.win32_1.5.0.202011040924/tools/bin/../lib/gcc/arm-none-eabi/7.3.1/../../../../arm-none-eabi/lib/thumb/v7e-m/fpv4-sp/hard\libstdc++_nano.a(del_ops.o)
                0x0000000008006c72                operator delete(void*, unsigned int)
 .text._ZN10__cxxabiv111__terminateEPFvvE
                0x0000000008006c76        0x8 c:/st/stm32cubeide_1.3.0/stm32cubeide/plugins/com.st.stm32cube.ide.mcu.externaltools.gnu-tools-for-stm32.7-2018-q2-update.win32_1.5.0.202011040924/tools/bin/../lib/gcc/arm-none-eabi/7.3.1/../../../../arm-none-eabi/lib/thumb/v7e-m/fpv4-sp/hard\libstdc++_nano.a(eh_terminate.o)
                0x0000000008006c76                __cxxabiv1::__terminate(void (*)())
 *fill*         0x0000000008006c7e        0x2 
 .text._ZSt13get_terminatev
                0x0000000008006c80       0x10 c:/st/stm32cubeide_1.3.0/stm32cubeide/plugins/com.st.stm32cube.ide.mcu.externaltools.gnu-tools-for-stm32.7-2018-q2-update.win32_1.5.0.202011040924/tools/bin/../lib/gcc/arm-none-eabi/7.3.1/../../../../arm-none-eabi/lib/thumb/v7e-m/fpv4-sp/hard\libstdc++_nano.a(eh_terminate.o)
                0x0000000008006c80                std::get_terminate()
 .text._ZSt9terminatev
                0x0000000008006c90        0xa c:/st/stm32cubeide_1.3.0/stm32cubeide/plugins/com.st.stm32cube.ide.mcu.externaltools.gnu-tools-for-stm32.7-2018-q2-update.win32_1.5.0.202011040924/tools/bin/../lib/gcc/arm-none-eabi/7.3.1/../../../../arm-none-eabi/lib/thumb/v7e-m/fpv4-sp/hard\libstdc++_nano.a(eh_terminate.o)
                0x0000000008006c90                std::terminate()
 .text.abort    0x0000000008006c9a        0xe c:/st/stm32cubeide_1.3.0/stm32cubeide/plugins/com.st.stm32cube.ide.mcu.externaltools.gnu-tools-for-stm32.7-2018-q2-update.win32_1.5.0.202011040924/tools/bin/../lib/gcc/arm-none-eabi/7.3.1/../../../../arm-none-eabi/lib/thumb/v7e-m/fpv4-sp/hard\libc_nano.a(lib_a-abort.o)
                0x0000000008006c9a                abort
 .text.__errno  0x0000000008006ca8        0xc c:/st/stm32cubeide_1.3.0/stm32cubeide/plugins/com.st.stm32cube.ide.mcu.externaltools.gnu-tools-for-stm32.7-2018-q2-update.win32_1.5.0.202011040924/tools/bin/../lib/gcc/arm-none-eabi/7.3.1/../../../../arm-none-eabi/lib/thumb/v7e-m/fpv4-sp/hard\libc_nano.a(lib_a-errno.o)
                0x0000000008006ca8                __errno
 .text.__libc_init_array
                0x0000000008006cb4       0x48 c:/st/stm32cubeide_1.3.0/stm32cubeide/plugins/com.st.stm32cube.ide.mcu.externaltools.gnu-tools-for-stm32.7-2018-q2-update.win32_1.5.0.202011040924/tools/bin/../lib/gcc/arm-none-eabi/7.3.1/../../../../arm-none-eabi/lib/thumb/v7e-m/fpv4-sp/hard\libc_nano.a(lib_a-init.o)
                0x0000000008006cb4                __libc_init_array
 .text.memcpy   0x0000000008006cfc       0x16 c:/st/stm32cubeide_1.3.0/stm32cubeide/plugins/com.st.stm32cube.ide.mcu.externaltools.gnu-tools-for-stm32.7-2018-q2-update.win32_1.5.0.202011040924/tools/bin/../lib/gcc/arm-none-eabi/7.3.1/../../../../arm-none-eabi/lib/thumb/v7e-m/fpv4-sp/hard\libc_nano.a(lib_a-memcpy-stub.o)
                0x0000000008006cfc                memcpy
 .text.memset   0x0000000008006d12       0x10 c:/st/stm32cubeide_1.3.0/stm32cubeide/plugins/com.st.stm32cube.ide.mcu.externaltools.gnu-tools-for-stm32.7-2018-q2-update.win32_1.5.0.202011040924/tools/bin/../lib/gcc/arm-none-eabi/7.3.1/../../../../arm-none-eabi/lib/thumb/v7e-m/fpv4-sp/hard\libc_nano.a(lib_a-memset.o)
                0x0000000008006d12                memset
 .text._raise_r
                0x0000000008006d22       0x50 c:/st/stm32cubeide_1.3.0/stm32cubeide/plugins/com.st.stm32cube.ide.mcu.externaltools.gnu-tools-for-stm32.7-2018-q2-update.win32_1.5.0.202011040924/tools/bin/../lib/gcc/arm-none-eabi/7.3.1/../../../../arm-none-eabi/lib/thumb/v7e-m/fpv4-sp/hard\libc_nano.a(lib_a-signal.o)
                0x0000000008006d22                _raise_r
 *fill*         0x0000000008006d72        0x2 
 .text.raise    0x0000000008006d74       0x10 c:/st/stm32cubeide_1.3.0/stm32cubeide/plugins/com.st.stm32cube.ide.mcu.externaltools.gnu-tools-for-stm32.7-2018-q2-update.win32_1.5.0.202011040924/tools/bin/../lib/gcc/arm-none-eabi/7.3.1/../../../../arm-none-eabi/lib/thumb/v7e-m/fpv4-sp/hard\libc_nano.a(lib_a-signal.o)
                0x0000000008006d74                raise
 .text._kill_r  0x0000000008006d84       0x24 c:/st/stm32cubeide_1.3.0/stm32cubeide/plugins/com.st.stm32cube.ide.mcu.externaltools.gnu-tools-for-stm32.7-2018-q2-update.win32_1.5.0.202011040924/tools/bin/../lib/gcc/arm-none-eabi/7.3.1/../../../../arm-none-eabi/lib/thumb/v7e-m/fpv4-sp/hard\libc_nano.a(lib_a-signalr.o)
                0x0000000008006d84                _kill_r
 .text._getpid_r
                0x0000000008006da8        0x4 c:/st/stm32cubeide_1.3.0/stm32cubeide/plugins/com.st.stm32cube.ide.mcu.externaltools.gnu-tools-for-stm32.7-2018-q2-update.win32_1.5.0.202011040924/tools/bin/../lib/gcc/arm-none-eabi/7.3.1/../../../../arm-none-eabi/lib/thumb/v7e-m/fpv4-sp/hard\libc_nano.a(lib_a-signalr.o)
                0x0000000008006da8                _getpid_r
 *(.glue_7)
 .glue_7        0x0000000008006dac        0x0 linker stubs
 *(.glue_7t)
 .glue_7t       0x0000000008006dac        0x0 linker stubs
 *(.eh_frame)
 .eh_frame      0x0000000008006dac        0x0 c:/st/stm32cubeide_1.3.0/stm32cubeide/plugins/com.st.stm32cube.ide.mcu.externaltools.gnu-tools-for-stm32.7-2018-q2-update.win32_1.5.0.202011040924/tools/bin/../lib/gcc/arm-none-eabi/7.3.1/thumb/v7e-m/fpv4-sp/hard/crtbegin.o
 *(.init)
 .init          0x0000000008006dac        0x4 c:/st/stm32cubeide_1.3.0/stm32cubeide/plugins/com.st.stm32cube.ide.mcu.externaltools.gnu-tools-for-stm32.7-2018-q2-update.win32_1.5.0.202011040924/tools/bin/../lib/gcc/arm-none-eabi/7.3.1/thumb/v7e-m/fpv4-sp/hard/crti.o
                0x0000000008006dac                _init
 .init          0x0000000008006db0        0x8 c:/st/stm32cubeide_1.3.0/stm32cubeide/plugins/com.st.stm32cube.ide.mcu.externaltools.gnu-tools-for-stm32.7-2018-q2-update.win32_1.5.0.202011040924/tools/bin/../lib/gcc/arm-none-eabi/7.3.1/thumb/v7e-m/fpv4-sp/hard/crtn.o
 *(.fini)
 .fini          0x0000000008006db8        0x4 c:/st/stm32cubeide_1.3.0/stm32cubeide/plugins/com.st.stm32cube.ide.mcu.externaltools.gnu-tools-for-stm32.7-2018-q2-update.win32_1.5.0.202011040924/tools/bin/../lib/gcc/arm-none-eabi/7.3.1/thumb/v7e-m/fpv4-sp/hard/crti.o
                0x0000000008006db8                _fini
 .fini          0x0000000008006dbc        0x8 c:/st/stm32cubeide_1.3.0/stm32cubeide/plugins/com.st.stm32cube.ide.mcu.externaltools.gnu-tools-for-stm32.7-2018-q2-update.win32_1.5.0.202011040924/tools/bin/../lib/gcc/arm-none-eabi/7.3.1/thumb/v7e-m/fpv4-sp/hard/crtn.o
                0x0000000008006dc4                . = ALIGN (0x4)
                0x0000000008006dc4                _etext = .

.vfp11_veneer   0x0000000008006dc4        0x0
 .vfp11_veneer  0x0000000008006dc4        0x0 linker stubs

.v4_bx          0x0000000008006dc4        0x0
 .v4_bx         0x0000000008006dc4        0x0 linker stubs

.iplt           0x0000000008006dc4        0x0
 .iplt          0x0000000008006dc4        0x0 c:/st/stm32cubeide_1.3.0/stm32cubeide/plugins/com.st.stm32cube.ide.mcu.externaltools.gnu-tools-for-stm32.7-2018-q2-update.win32_1.5.0.202011040924/tools/bin/../lib/gcc/arm-none-eabi/7.3.1/thumb/v7e-m/fpv4-sp/hard/crtbegin.o

.rodata         0x0000000008006dc4       0x94
                0x0000000008006dc4                . = ALIGN (0x4)
 *(.rodata)
 .rodata        0x0000000008006dc4       0x20 Core/Src/main.o
 .rodata        0x0000000008006de4       0x10 Drivers/STM32G4xx_HAL_Driver/Src/stm32g4xx_hal_uart_ex.o
 .rodata        0x0000000008006df4        0x2 Guowlib_cpp/Src/uart_wrapper.o
 *fill*         0x0000000008006df6        0x2 
 .rodata        0x0000000008006df8        0x5 Middlewares/Third_Party/FreeRTOS/Source/tasks.o
 *fill*         0x0000000008006dfd        0x3 
 .rodata        0x0000000008006e00        0xd Middlewares/Third_Party/FreeRTOS/Source/timers.o
 *(.rodata*)
 *fill*         0x0000000008006e0d        0x3 
 .rodata.AHBPrescTable
                0x0000000008006e10       0x10 Core/Src/system_stm32g4xx.o
                0x0000000008006e10                AHBPrescTable
 .rodata.APBPrescTable
                0x0000000008006e20        0x8 Core/Src/system_stm32g4xx.o
                0x0000000008006e20                APBPrescTable
 .rodata.UARTPrescTable
                0x0000000008006e28       0x18 Drivers/STM32G4xx_HAL_Driver/Src/stm32g4xx_hal_uart.o
                0x0000000008006e28                UARTPrescTable
 .rodata._ZTV9TaskClass
                0x0000000008006e40        0xc Guowlib_cpp/Src/task_wrapper.o
                0x0000000008006e40                vtable for TaskClass
 .rodata._ZTV12UART_Wrapper
                0x0000000008006e4c        0xc Guowlib_cpp/Src/uart_wrapper.o
                0x0000000008006e4c                vtable for UART_Wrapper
                0x0000000008006e58                . = ALIGN (0x4)

.ARM.extab      0x0000000008006e58        0x0
                0x0000000008006e58                . = ALIGN (0x4)
 *(.ARM.extab* .gnu.linkonce.armextab.*)
                0x0000000008006e58                . = ALIGN (0x4)

.ARM            0x0000000008006e58        0x8
                0x0000000008006e58                . = ALIGN (0x4)
                0x0000000008006e58                __exidx_start = .
 *(.ARM.exidx*)
 .ARM.exidx     0x0000000008006e58        0x8 c:/st/stm32cubeide_1.3.0/stm32cubeide/plugins/com.st.stm32cube.ide.mcu.externaltools.gnu-tools-for-stm32.7-2018-q2-update.win32_1.5.0.202011040924/tools/bin/../lib/gcc/arm-none-eabi/7.3.1/thumb/v7e-m/fpv4-sp/hard\libgcc.a(_udivmoddi4.o)
                0x0000000008006e60                __exidx_end = .
                0x0000000008006e60                . = ALIGN (0x4)

.rel.dyn        0x0000000008006e60        0x0
 .rel.iplt      0x0000000008006e60        0x0 c:/st/stm32cubeide_1.3.0/stm32cubeide/plugins/com.st.stm32cube.ide.mcu.externaltools.gnu-tools-for-stm32.7-2018-q2-update.win32_1.5.0.202011040924/tools/bin/../lib/gcc/arm-none-eabi/7.3.1/thumb/v7e-m/fpv4-sp/hard/crtbegin.o

.preinit_array  0x0000000008006e60        0x0
                0x0000000008006e60                . = ALIGN (0x4)
                0x0000000008006e60                PROVIDE (__preinit_array_start = .)
 *(.preinit_array*)
                0x0000000008006e60                PROVIDE (__preinit_array_end = .)
                0x0000000008006e60                . = ALIGN (0x4)

.init_array     0x0000000008006e60        0x4
                0x0000000008006e60                . = ALIGN (0x4)
                0x0000000008006e60                PROVIDE (__init_array_start = .)
 *(SORT_BY_NAME(.init_array.*))
 *(.init_array*)
 .init_array    0x0000000008006e60        0x4 c:/st/stm32cubeide_1.3.0/stm32cubeide/plugins/com.st.stm32cube.ide.mcu.externaltools.gnu-tools-for-stm32.7-2018-q2-update.win32_1.5.0.202011040924/tools/bin/../lib/gcc/arm-none-eabi/7.3.1/thumb/v7e-m/fpv4-sp/hard/crtbegin.o
                0x0000000008006e64                PROVIDE (__init_array_end = .)
                0x0000000008006e64                . = ALIGN (0x4)

.fini_array     0x0000000008006e64        0x4
                0x0000000008006e64                . = ALIGN (0x4)
                [!provide]                        PROVIDE (__fini_array_start = .)
 *(SORT_BY_NAME(.fini_array.*))
 *(.fini_array*)
 .fini_array    0x0000000008006e64        0x4 c:/st/stm32cubeide_1.3.0/stm32cubeide/plugins/com.st.stm32cube.ide.mcu.externaltools.gnu-tools-for-stm32.7-2018-q2-update.win32_1.5.0.202011040924/tools/bin/../lib/gcc/arm-none-eabi/7.3.1/thumb/v7e-m/fpv4-sp/hard/crtbegin.o
                [!provide]                        PROVIDE (__fini_array_end = .)
                0x0000000008006e68                . = ALIGN (0x4)
                0x0000000008006e68                _sidata = LOADADDR (.data)

.data           0x0000000020000000       0x78 load address 0x0000000008006e68
                0x0000000020000000                . = ALIGN (0x4)
                0x0000000020000000                _sdata = .
 *(.data)
 *(.data*)
 .data.SystemCoreClock
                0x0000000020000000        0x4 Core/Src/system_stm32g4xx.o
                0x0000000020000000                SystemCoreClock
 .data.uwTickPrio
                0x0000000020000004        0x4 Drivers/STM32G4xx_HAL_Driver/Src/stm32g4xx_hal.o
                0x0000000020000004                uwTickPrio
 .data.uwTickFreq
                0x0000000020000008        0x4 Drivers/STM32G4xx_HAL_Driver/Src/stm32g4xx_hal.o
                0x0000000020000008                uwTickFreq
 .data.uxCriticalNesting
                0x000000002000000c        0x4 Middlewares/Third_Party/FreeRTOS/Source/portable/GCC/ARM_CM4F/port.o
 .data._ZN10__cxxabiv119__terminate_handlerE
                0x0000000020000010        0x4 c:/st/stm32cubeide_1.3.0/stm32cubeide/plugins/com.st.stm32cube.ide.mcu.externaltools.gnu-tools-for-stm32.7-2018-q2-update.win32_1.5.0.202011040924/tools/bin/../lib/gcc/arm-none-eabi/7.3.1/../../../../arm-none-eabi/lib/thumb/v7e-m/fpv4-sp/hard\libstdc++_nano.a(eh_term_handler.o)
                0x0000000020000010                __cxxabiv1::__terminate_handler
 .data._impure_ptr
                0x0000000020000014        0x4 c:/st/stm32cubeide_1.3.0/stm32cubeide/plugins/com.st.stm32cube.ide.mcu.externaltools.gnu-tools-for-stm32.7-2018-q2-update.win32_1.5.0.202011040924/tools/bin/../lib/gcc/arm-none-eabi/7.3.1/../../../../arm-none-eabi/lib/thumb/v7e-m/fpv4-sp/hard\libc_nano.a(lib_a-impure.o)
                0x0000000020000014                _impure_ptr
 .data.impure_data
                0x0000000020000018       0x60 c:/st/stm32cubeide_1.3.0/stm32cubeide/plugins/com.st.stm32cube.ide.mcu.externaltools.gnu-tools-for-stm32.7-2018-q2-update.win32_1.5.0.202011040924/tools/bin/../lib/gcc/arm-none-eabi/7.3.1/../../../../arm-none-eabi/lib/thumb/v7e-m/fpv4-sp/hard\libc_nano.a(lib_a-impure.o)
 *(.RamFunc)
 *(.RamFunc*)
                0x0000000020000078                . = ALIGN (0x4)
                0x0000000020000078                _edata = .

.igot.plt       0x0000000020000078        0x0 load address 0x0000000008006ee0
 .igot.plt      0x0000000020000078        0x0 c:/st/stm32cubeide_1.3.0/stm32cubeide/plugins/com.st.stm32cube.ide.mcu.externaltools.gnu-tools-for-stm32.7-2018-q2-update.win32_1.5.0.202011040924/tools/bin/../lib/gcc/arm-none-eabi/7.3.1/thumb/v7e-m/fpv4-sp/hard/crtbegin.o
                0x0000000020000078                . = ALIGN (0x4)

.bss            0x0000000020000078     0xcacc load address 0x0000000008006ee0
                0x0000000020000078                _sbss = .
                0x0000000020000078                __bss_start__ = _sbss
 *(.bss)
 .bss           0x0000000020000078       0x1c c:/st/stm32cubeide_1.3.0/stm32cubeide/plugins/com.st.stm32cube.ide.mcu.externaltools.gnu-tools-for-stm32.7-2018-q2-update.win32_1.5.0.202011040924/tools/bin/../lib/gcc/arm-none-eabi/7.3.1/thumb/v7e-m/fpv4-sp/hard/crtbegin.o
 *(.bss*)
 .bss.defaultTaskHandle
                0x0000000020000094        0x4 Core/Src/main.o
                0x0000000020000094                defaultTaskHandle
 .bss.uart_wrap
                0x0000000020000098        0x4 Core/Src/main.o
                0x0000000020000098                uart_wrap
 .bss.pxCurrentTCB
                0x000000002000009c        0x4 Middlewares/Third_Party/FreeRTOS/Source/tasks.o
                0x000000002000009c                pxCurrentTCB
 .bss.pxReadyTasksLists
                0x00000000200000a0       0x8c Middlewares/Third_Party/FreeRTOS/Source/tasks.o
 .bss.xDelayedTaskList1
                0x000000002000012c       0x14 Middlewares/Third_Party/FreeRTOS/Source/tasks.o
 .bss.xDelayedTaskList2
                0x0000000020000140       0x14 Middlewares/Third_Party/FreeRTOS/Source/tasks.o
 .bss.pxDelayedTaskList
                0x0000000020000154        0x4 Middlewares/Third_Party/FreeRTOS/Source/tasks.o
 .bss.pxOverflowDelayedTaskList
                0x0000000020000158        0x4 Middlewares/Third_Party/FreeRTOS/Source/tasks.o
 .bss.xPendingReadyList
                0x000000002000015c       0x14 Middlewares/Third_Party/FreeRTOS/Source/tasks.o
 .bss.xTasksWaitingTermination
                0x0000000020000170       0x14 Middlewares/Third_Party/FreeRTOS/Source/tasks.o
 .bss.uxDeletedTasksWaitingCleanUp
                0x0000000020000184        0x4 Middlewares/Third_Party/FreeRTOS/Source/tasks.o
 .bss.xSuspendedTaskList
                0x0000000020000188       0x14 Middlewares/Third_Party/FreeRTOS/Source/tasks.o
 .bss.uxCurrentNumberOfTasks
                0x000000002000019c        0x4 Middlewares/Third_Party/FreeRTOS/Source/tasks.o
 .bss.xTickCount
                0x00000000200001a0        0x4 Middlewares/Third_Party/FreeRTOS/Source/tasks.o
 .bss.uxTopReadyPriority
                0x00000000200001a4        0x4 Middlewares/Third_Party/FreeRTOS/Source/tasks.o
 .bss.xSchedulerRunning
                0x00000000200001a8        0x4 Middlewares/Third_Party/FreeRTOS/Source/tasks.o
 .bss.uxPendedTicks
                0x00000000200001ac        0x4 Middlewares/Third_Party/FreeRTOS/Source/tasks.o
 .bss.xYieldPending
                0x00000000200001b0        0x4 Middlewares/Third_Party/FreeRTOS/Source/tasks.o
 .bss.xNumOfOverflows
                0x00000000200001b4        0x4 Middlewares/Third_Party/FreeRTOS/Source/tasks.o
 .bss.uxTaskNumber
                0x00000000200001b8        0x4 Middlewares/Third_Party/FreeRTOS/Source/tasks.o
 .bss.xNextTaskUnblockTime
                0x00000000200001bc        0x4 Middlewares/Third_Party/FreeRTOS/Source/tasks.o
 .bss.xIdleTaskHandle
                0x00000000200001c0        0x4 Middlewares/Third_Party/FreeRTOS/Source/tasks.o
 .bss.uxSchedulerSuspended
                0x00000000200001c4        0x4 Middlewares/Third_Party/FreeRTOS/Source/tasks.o
 .bss.xActiveTimerList1
                0x00000000200001c8       0x14 Middlewares/Third_Party/FreeRTOS/Source/timers.o
 .bss.xActiveTimerList2
                0x00000000200001dc       0x14 Middlewares/Third_Party/FreeRTOS/Source/timers.o
 .bss.pxCurrentTimerList
                0x00000000200001f0        0x4 Middlewares/Third_Party/FreeRTOS/Source/timers.o
 .bss.pxOverflowTimerList
                0x00000000200001f4        0x4 Middlewares/Third_Party/FreeRTOS/Source/timers.o
 .bss.xTimerQueue
                0x00000000200001f8        0x4 Middlewares/Third_Party/FreeRTOS/Source/timers.o
 .bss.xTimerTaskHandle
                0x00000000200001fc        0x4 Middlewares/Third_Party/FreeRTOS/Source/timers.o
 .bss.xLastTime.6689
                0x0000000020000200        0x4 Middlewares/Third_Party/FreeRTOS/Source/timers.o
 .bss.ucMaxSysCallPriority
                0x0000000020000204        0x1 Middlewares/Third_Party/FreeRTOS/Source/portable/GCC/ARM_CM4F/port.o
 *fill*         0x0000000020000205        0x3 
 .bss.ulMaxPRIGROUPValue
                0x0000000020000208        0x4 Middlewares/Third_Party/FreeRTOS/Source/portable/GCC/ARM_CM4F/port.o
 .bss.ucHeap    0x000000002000020c     0xc800 Middlewares/Third_Party/FreeRTOS/Source/portable/MemMang/heap_4.o
 .bss.xStart    0x000000002000ca0c        0x8 Middlewares/Third_Party/FreeRTOS/Source/portable/MemMang/heap_4.o
 .bss.pxEnd     0x000000002000ca14        0x4 Middlewares/Third_Party/FreeRTOS/Source/portable/MemMang/heap_4.o
 .bss.xFreeBytesRemaining
                0x000000002000ca18        0x4 Middlewares/Third_Party/FreeRTOS/Source/portable/MemMang/heap_4.o
 .bss.xMinimumEverFreeBytesRemaining
                0x000000002000ca1c        0x4 Middlewares/Third_Party/FreeRTOS/Source/portable/MemMang/heap_4.o
 .bss.xBlockAllocatedBit
                0x000000002000ca20        0x4 Middlewares/Third_Party/FreeRTOS/Source/portable/MemMang/heap_4.o
 *(COMMON)
 COMMON         0x000000002000ca24       0x4c Core/Src/stm32g4xx_hal_timebase_tim.o
                0x000000002000ca24                htim1
 COMMON         0x000000002000ca70       0x8c Core/Src/usart.o
                0x000000002000ca70                huart4
 COMMON         0x000000002000cafc        0x4 Drivers/STM32G4xx_HAL_Driver/Src/stm32g4xx_hal.o
                0x000000002000cafc                uwTick
 COMMON         0x000000002000cb00       0x40 Middlewares/Third_Party/FreeRTOS/Source/queue.o
                0x000000002000cb00                xQueueRegistry
 COMMON         0x000000002000cb40        0x4 c:/st/stm32cubeide_1.3.0/stm32cubeide/plugins/com.st.stm32cube.ide.mcu.externaltools.gnu-tools-for-stm32.7-2018-q2-update.win32_1.5.0.202011040924/tools/bin/../lib/gcc/arm-none-eabi/7.3.1/../../../../arm-none-eabi/lib/thumb/v7e-m/fpv4-sp/hard\libc_nano.a(lib_a-reent.o)
                0x000000002000cb40                errno
                0x000000002000cb44                . = ALIGN (0x4)
                0x000000002000cb44                _ebss = .
                0x000000002000cb44                __bss_end__ = _ebss

._user_heap_stack
                0x000000002000cb44      0x604 load address 0x0000000008006ee0
                0x000000002000cb48                . = ALIGN (0x8)
 *fill*         0x000000002000cb44        0x4 
                [!provide]                        PROVIDE (end = .)
                0x000000002000cb48                PROVIDE (_end = .)
                0x000000002000cd48                . = (. + _Min_Heap_Size)
 *fill*         0x000000002000cb48      0x200 
                0x000000002000d148                . = (. + _Min_Stack_Size)
 *fill*         0x000000002000cd48      0x400 
                0x000000002000d148                . = ALIGN (0x8)

/DISCARD/
 libc.a(*)
 libm.a(*)
 libgcc.a(*)

.ARM.attributes
                0x0000000000000000       0x30
 *(.ARM.attributes)
 .ARM.attributes
                0x0000000000000000       0x22 c:/st/stm32cubeide_1.3.0/stm32cubeide/plugins/com.st.stm32cube.ide.mcu.externaltools.gnu-tools-for-stm32.7-2018-q2-update.win32_1.5.0.202011040924/tools/bin/../lib/gcc/arm-none-eabi/7.3.1/thumb/v7e-m/fpv4-sp/hard/crti.o
 .ARM.attributes
                0x0000000000000022       0x34 c:/st/stm32cubeide_1.3.0/stm32cubeide/plugins/com.st.stm32cube.ide.mcu.externaltools.gnu-tools-for-stm32.7-2018-q2-update.win32_1.5.0.202011040924/tools/bin/../lib/gcc/arm-none-eabi/7.3.1/thumb/v7e-m/fpv4-sp/hard/crtbegin.o
 .ARM.attributes
                0x0000000000000056       0x39 Core/Src/gpio.o
 .ARM.attributes
                0x000000000000008f       0x39 Core/Src/main.o
 .ARM.attributes
                0x00000000000000c8       0x39 Core/Src/stm32g4xx_hal_msp.o
 .ARM.attributes
                0x0000000000000101       0x39 Core/Src/stm32g4xx_hal_timebase_tim.o
 .ARM.attributes
                0x000000000000013a       0x39 Core/Src/stm32g4xx_it.o
 .ARM.attributes
                0x0000000000000173       0x39 Core/Src/syscalls.o
 .ARM.attributes
                0x00000000000001ac       0x39 Core/Src/system_stm32g4xx.o
 .ARM.attributes
                0x00000000000001e5       0x39 Core/Src/usart.o
 .ARM.attributes
                0x000000000000021e       0x21 Core/Startup/startup_stm32g474qetx.o
 .ARM.attributes
                0x000000000000023f       0x39 Drivers/STM32G4xx_HAL_Driver/Src/stm32g4xx_hal.o
 .ARM.attributes
                0x0000000000000278       0x39 Drivers/STM32G4xx_HAL_Driver/Src/stm32g4xx_hal_cortex.o
 .ARM.attributes
                0x00000000000002b1       0x39 Drivers/STM32G4xx_HAL_Driver/Src/stm32g4xx_hal_dma.o
 .ARM.attributes
                0x00000000000002ea       0x39 Drivers/STM32G4xx_HAL_Driver/Src/stm32g4xx_hal_gpio.o
 .ARM.attributes
                0x0000000000000323       0x39 Drivers/STM32G4xx_HAL_Driver/Src/stm32g4xx_hal_pwr_ex.o
 .ARM.attributes
                0x000000000000035c       0x39 Drivers/STM32G4xx_HAL_Driver/Src/stm32g4xx_hal_rcc.o
 .ARM.attributes
                0x0000000000000395       0x39 Drivers/STM32G4xx_HAL_Driver/Src/stm32g4xx_hal_rcc_ex.o
 .ARM.attributes
                0x00000000000003ce       0x39 Drivers/STM32G4xx_HAL_Driver/Src/stm32g4xx_hal_tim.o
 .ARM.attributes
                0x0000000000000407       0x39 Drivers/STM32G4xx_HAL_Driver/Src/stm32g4xx_hal_tim_ex.o
 .ARM.attributes
                0x0000000000000440       0x39 Drivers/STM32G4xx_HAL_Driver/Src/stm32g4xx_hal_uart.o
 .ARM.attributes
                0x0000000000000479       0x39 Drivers/STM32G4xx_HAL_Driver/Src/stm32g4xx_hal_uart_ex.o
 .ARM.attributes
                0x00000000000004b2       0x39 Guowlib_cpp/Src/observable.o
 .ARM.attributes
                0x00000000000004eb       0x39 Guowlib_cpp/Src/task_wrapper.o
 .ARM.attributes
                0x0000000000000524       0x39 Guowlib_cpp/Src/uart_wrapper.o
 .ARM.attributes
                0x000000000000055d       0x39 Middlewares/Third_Party/FreeRTOS/Source/CMSIS_RTOS/cmsis_os.o
 .ARM.attributes
                0x0000000000000596       0x39 Middlewares/Third_Party/FreeRTOS/Source/list.o
 .ARM.attributes
                0x00000000000005cf       0x39 Middlewares/Third_Party/FreeRTOS/Source/queue.o
 .ARM.attributes
                0x0000000000000608       0x39 Middlewares/Third_Party/FreeRTOS/Source/tasks.o
 .ARM.attributes
                0x0000000000000641       0x39 Middlewares/Third_Party/FreeRTOS/Source/timers.o
 .ARM.attributes
                0x000000000000067a       0x39 Middlewares/Third_Party/FreeRTOS/Source/portable/GCC/ARM_CM4F/port.o
 .ARM.attributes
                0x00000000000006b3       0x39 Middlewares/Third_Party/FreeRTOS/Source/portable/MemMang/heap_4.o
 .ARM.attributes
                0x00000000000006ec       0x34 c:/st/stm32cubeide_1.3.0/stm32cubeide/plugins/com.st.stm32cube.ide.mcu.externaltools.gnu-tools-for-stm32.7-2018-q2-update.win32_1.5.0.202011040924/tools/bin/../lib/gcc/arm-none-eabi/7.3.1/../../../../arm-none-eabi/lib/thumb/v7e-m/fpv4-sp/hard\libstdc++_nano.a(pure.o)
 .ARM.attributes
                0x0000000000000720       0x34 c:/st/stm32cubeide_1.3.0/stm32cubeide/plugins/com.st.stm32cube.ide.mcu.externaltools.gnu-tools-for-stm32.7-2018-q2-update.win32_1.5.0.202011040924/tools/bin/../lib/gcc/arm-none-eabi/7.3.1/../../../../arm-none-eabi/lib/thumb/v7e-m/fpv4-sp/hard\libstdc++_nano.a(del_ops.o)
 .ARM.attributes
                0x0000000000000754       0x34 c:/st/stm32cubeide_1.3.0/stm32cubeide/plugins/com.st.stm32cube.ide.mcu.externaltools.gnu-tools-for-stm32.7-2018-q2-update.win32_1.5.0.202011040924/tools/bin/../lib/gcc/arm-none-eabi/7.3.1/../../../../arm-none-eabi/lib/thumb/v7e-m/fpv4-sp/hard\libstdc++_nano.a(eh_terminate.o)
 .ARM.attributes
                0x0000000000000788       0x34 c:/st/stm32cubeide_1.3.0/stm32cubeide/plugins/com.st.stm32cube.ide.mcu.externaltools.gnu-tools-for-stm32.7-2018-q2-update.win32_1.5.0.202011040924/tools/bin/../lib/gcc/arm-none-eabi/7.3.1/../../../../arm-none-eabi/lib/thumb/v7e-m/fpv4-sp/hard\libstdc++_nano.a(eh_term_handler.o)
 .ARM.attributes
                0x00000000000007bc       0x34 c:/st/stm32cubeide_1.3.0/stm32cubeide/plugins/com.st.stm32cube.ide.mcu.externaltools.gnu-tools-for-stm32.7-2018-q2-update.win32_1.5.0.202011040924/tools/bin/../lib/gcc/arm-none-eabi/7.3.1/../../../../arm-none-eabi/lib/thumb/v7e-m/fpv4-sp/hard\libc_nano.a(lib_a-abort.o)
 .ARM.attributes
                0x00000000000007f0       0x34 c:/st/stm32cubeide_1.3.0/stm32cubeide/plugins/com.st.stm32cube.ide.mcu.externaltools.gnu-tools-for-stm32.7-2018-q2-update.win32_1.5.0.202011040924/tools/bin/../lib/gcc/arm-none-eabi/7.3.1/../../../../arm-none-eabi/lib/thumb/v7e-m/fpv4-sp/hard\libc_nano.a(lib_a-errno.o)
 .ARM.attributes
                0x0000000000000824       0x34 c:/st/stm32cubeide_1.3.0/stm32cubeide/plugins/com.st.stm32cube.ide.mcu.externaltools.gnu-tools-for-stm32.7-2018-q2-update.win32_1.5.0.202011040924/tools/bin/../lib/gcc/arm-none-eabi/7.3.1/../../../../arm-none-eabi/lib/thumb/v7e-m/fpv4-sp/hard\libc_nano.a(lib_a-impure.o)
 .ARM.attributes
                0x0000000000000858       0x34 c:/st/stm32cubeide_1.3.0/stm32cubeide/plugins/com.st.stm32cube.ide.mcu.externaltools.gnu-tools-for-stm32.7-2018-q2-update.win32_1.5.0.202011040924/tools/bin/../lib/gcc/arm-none-eabi/7.3.1/../../../../arm-none-eabi/lib/thumb/v7e-m/fpv4-sp/hard\libc_nano.a(lib_a-init.o)
 .ARM.attributes
                0x000000000000088c       0x34 c:/st/stm32cubeide_1.3.0/stm32cubeide/plugins/com.st.stm32cube.ide.mcu.externaltools.gnu-tools-for-stm32.7-2018-q2-update.win32_1.5.0.202011040924/tools/bin/../lib/gcc/arm-none-eabi/7.3.1/../../../../arm-none-eabi/lib/thumb/v7e-m/fpv4-sp/hard\libc_nano.a(lib_a-memcpy-stub.o)
 .ARM.attributes
                0x00000000000008c0       0x34 c:/st/stm32cubeide_1.3.0/stm32cubeide/plugins/com.st.stm32cube.ide.mcu.externaltools.gnu-tools-for-stm32.7-2018-q2-update.win32_1.5.0.202011040924/tools/bin/../lib/gcc/arm-none-eabi/7.3.1/../../../../arm-none-eabi/lib/thumb/v7e-m/fpv4-sp/hard\libc_nano.a(lib_a-memset.o)
 .ARM.attributes
                0x00000000000008f4       0x34 c:/st/stm32cubeide_1.3.0/stm32cubeide/plugins/com.st.stm32cube.ide.mcu.externaltools.gnu-tools-for-stm32.7-2018-q2-update.win32_1.5.0.202011040924/tools/bin/../lib/gcc/arm-none-eabi/7.3.1/../../../../arm-none-eabi/lib/thumb/v7e-m/fpv4-sp/hard\libc_nano.a(lib_a-signal.o)
 .ARM.attributes
                0x0000000000000928       0x34 c:/st/stm32cubeide_1.3.0/stm32cubeide/plugins/com.st.stm32cube.ide.mcu.externaltools.gnu-tools-for-stm32.7-2018-q2-update.win32_1.5.0.202011040924/tools/bin/../lib/gcc/arm-none-eabi/7.3.1/../../../../arm-none-eabi/lib/thumb/v7e-m/fpv4-sp/hard\libc_nano.a(lib_a-signalr.o)
 .ARM.attributes
                0x000000000000095c       0x34 c:/st/stm32cubeide_1.3.0/stm32cubeide/plugins/com.st.stm32cube.ide.mcu.externaltools.gnu-tools-for-stm32.7-2018-q2-update.win32_1.5.0.202011040924/tools/bin/../lib/gcc/arm-none-eabi/7.3.1/../../../../arm-none-eabi/lib/thumb/v7e-m/fpv4-sp/hard\libc_nano.a(lib_a-reent.o)
 .ARM.attributes
                0x0000000000000990       0x22 c:/st/stm32cubeide_1.3.0/stm32cubeide/plugins/com.st.stm32cube.ide.mcu.externaltools.gnu-tools-for-stm32.7-2018-q2-update.win32_1.5.0.202011040924/tools/bin/../lib/gcc/arm-none-eabi/7.3.1/thumb/v7e-m/fpv4-sp/hard\libgcc.a(_aeabi_uldivmod.o)
 .ARM.attributes
                0x00000000000009b2       0x34 c:/st/stm32cubeide_1.3.0/stm32cubeide/plugins/com.st.stm32cube.ide.mcu.externaltools.gnu-tools-for-stm32.7-2018-q2-update.win32_1.5.0.202011040924/tools/bin/../lib/gcc/arm-none-eabi/7.3.1/thumb/v7e-m/fpv4-sp/hard\libgcc.a(_udivmoddi4.o)
 .ARM.attributes
                0x00000000000009e6       0x22 c:/st/stm32cubeide_1.3.0/stm32cubeide/plugins/com.st.stm32cube.ide.mcu.externaltools.gnu-tools-for-stm32.7-2018-q2-update.win32_1.5.0.202011040924/tools/bin/../lib/gcc/arm-none-eabi/7.3.1/thumb/v7e-m/fpv4-sp/hard\libgcc.a(_dvmd_tls.o)
 .ARM.attributes
                0x0000000000000a08       0x22 c:/st/stm32cubeide_1.3.0/stm32cubeide/plugins/com.st.stm32cube.ide.mcu.externaltools.gnu-tools-for-stm32.7-2018-q2-update.win32_1.5.0.202011040924/tools/bin/../lib/gcc/arm-none-eabi/7.3.1/thumb/v7e-m/fpv4-sp/hard/crtn.o
OUTPUT(TCD_test2.elf elf32-littlearm)

.debug_info     0x0000000000000000    0x1cb58
 .debug_info    0x0000000000000000      0x63a Core/Src/gpio.o
 .debug_info    0x000000000000063a     0x151c Core/Src/main.o
 .debug_info    0x0000000000001b56      0x79b Core/Src/stm32g4xx_hal_msp.o
 .debug_info    0x00000000000022f1      0xf43 Core/Src/stm32g4xx_hal_timebase_tim.o
 .debug_info    0x0000000000003234      0xcf7 Core/Src/stm32g4xx_it.o
 .debug_info    0x0000000000003f2b      0xebd Core/Src/syscalls.o
 .debug_info    0x0000000000004de8      0x6eb Core/Src/system_stm32g4xx.o
 .debug_info    0x00000000000054d3      0xf39 Core/Src/usart.o
 .debug_info    0x000000000000640c       0x22 Core/Startup/startup_stm32g474qetx.o
 .debug_info    0x000000000000642e      0xca0 Drivers/STM32G4xx_HAL_Driver/Src/stm32g4xx_hal.o
 .debug_info    0x00000000000070ce      0xfb1 Drivers/STM32G4xx_HAL_Driver/Src/stm32g4xx_hal_cortex.o
 .debug_info    0x000000000000807f      0xa43 Drivers/STM32G4xx_HAL_Driver/Src/stm32g4xx_hal_dma.o
 .debug_info    0x0000000000008ac2      0x99e Drivers/STM32G4xx_HAL_Driver/Src/stm32g4xx_hal_gpio.o
 .debug_info    0x0000000000009460      0xad8 Drivers/STM32G4xx_HAL_Driver/Src/stm32g4xx_hal_pwr_ex.o
 .debug_info    0x0000000000009f38      0xd29 Drivers/STM32G4xx_HAL_Driver/Src/stm32g4xx_hal_rcc.o
 .debug_info    0x000000000000ac61      0xde8 Drivers/STM32G4xx_HAL_Driver/Src/stm32g4xx_hal_rcc_ex.o
 .debug_info    0x000000000000ba49     0x2b63 Drivers/STM32G4xx_HAL_Driver/Src/stm32g4xx_hal_tim.o
 .debug_info    0x000000000000e5ac     0x1ccf Drivers/STM32G4xx_HAL_Driver/Src/stm32g4xx_hal_tim_ex.o
 .debug_info    0x000000000001027b     0x1a91 Drivers/STM32G4xx_HAL_Driver/Src/stm32g4xx_hal_uart.o
 .debug_info    0x0000000000011d0c      0xca0 Drivers/STM32G4xx_HAL_Driver/Src/stm32g4xx_hal_uart_ex.o
 .debug_info    0x00000000000129ac      0x30e Guowlib_cpp/Src/observable.o
 .debug_info    0x0000000000012cba      0x2b7 Guowlib_cpp/Src/task_wrapper.o
 .debug_info    0x0000000000012f71     0x10d0 Guowlib_cpp/Src/uart_wrapper.o
 .debug_info    0x0000000000014041     0x1b50 Middlewares/Third_Party/FreeRTOS/Source/CMSIS_RTOS/cmsis_os.o
 .debug_info    0x0000000000015b91      0xacb Middlewares/Third_Party/FreeRTOS/Source/list.o
 .debug_info    0x000000000001665c     0x1da0 Middlewares/Third_Party/FreeRTOS/Source/queue.o
 .debug_info    0x00000000000183fc     0x224c Middlewares/Third_Party/FreeRTOS/Source/tasks.o
 .debug_info    0x000000000001a648     0x13f3 Middlewares/Third_Party/FreeRTOS/Source/timers.o
 .debug_info    0x000000000001ba3b      0x533 Middlewares/Third_Party/FreeRTOS/Source/portable/GCC/ARM_CM4F/port.o
 .debug_info    0x000000000001bf6e      0xbea Middlewares/Third_Party/FreeRTOS/Source/portable/MemMang/heap_4.o

.debug_abbrev   0x0000000000000000     0x3f72
 .debug_abbrev  0x0000000000000000      0x134 Core/Src/gpio.o
 .debug_abbrev  0x0000000000000134      0x304 Core/Src/main.o
 .debug_abbrev  0x0000000000000438      0x12e Core/Src/stm32g4xx_hal_msp.o
 .debug_abbrev  0x0000000000000566      0x1c8 Core/Src/stm32g4xx_hal_timebase_tim.o
 .debug_abbrev  0x000000000000072e      0x185 Core/Src/stm32g4xx_it.o
 .debug_abbrev  0x00000000000008b3      0x261 Core/Src/syscalls.o
 .debug_abbrev  0x0000000000000b14      0x147 Core/Src/system_stm32g4xx.o
 .debug_abbrev  0x0000000000000c5b      0x1a2 Core/Src/usart.o
 .debug_abbrev  0x0000000000000dfd       0x12 Core/Startup/startup_stm32g474qetx.o
 .debug_abbrev  0x0000000000000e0f      0x1fb Drivers/STM32G4xx_HAL_Driver/Src/stm32g4xx_hal.o
 .debug_abbrev  0x000000000000100a      0x2f1 Drivers/STM32G4xx_HAL_Driver/Src/stm32g4xx_hal_cortex.o
 .debug_abbrev  0x00000000000012fb      0x1d9 Drivers/STM32G4xx_HAL_Driver/Src/stm32g4xx_hal_dma.o
 .debug_abbrev  0x00000000000014d4      0x1c0 Drivers/STM32G4xx_HAL_Driver/Src/stm32g4xx_hal_gpio.o
 .debug_abbrev  0x0000000000001694      0x1fd Drivers/STM32G4xx_HAL_Driver/Src/stm32g4xx_hal_pwr_ex.o
 .debug_abbrev  0x0000000000001891      0x245 Drivers/STM32G4xx_HAL_Driver/Src/stm32g4xx_hal_rcc.o
 .debug_abbrev  0x0000000000001ad6      0x204 Drivers/STM32G4xx_HAL_Driver/Src/stm32g4xx_hal_rcc_ex.o
 .debug_abbrev  0x0000000000001cda      0x25b Drivers/STM32G4xx_HAL_Driver/Src/stm32g4xx_hal_tim.o
 .debug_abbrev  0x0000000000001f35      0x261 Drivers/STM32G4xx_HAL_Driver/Src/stm32g4xx_hal_tim_ex.o
 .debug_abbrev  0x0000000000002196      0x212 Drivers/STM32G4xx_HAL_Driver/Src/stm32g4xx_hal_uart.o
 .debug_abbrev  0x00000000000023a8      0x1e2 Drivers/STM32G4xx_HAL_Driver/Src/stm32g4xx_hal_uart_ex.o
 .debug_abbrev  0x000000000000258a      0x190 Guowlib_cpp/Src/observable.o
 .debug_abbrev  0x000000000000271a      0x1c1 Guowlib_cpp/Src/task_wrapper.o
 .debug_abbrev  0x00000000000028db      0x392 Guowlib_cpp/Src/uart_wrapper.o
 .debug_abbrev  0x0000000000002c6d      0x386 Middlewares/Third_Party/FreeRTOS/Source/CMSIS_RTOS/cmsis_os.o
 .debug_abbrev  0x0000000000002ff3      0x1cf Middlewares/Third_Party/FreeRTOS/Source/list.o
 .debug_abbrev  0x00000000000031c2      0x31c Middlewares/Third_Party/FreeRTOS/Source/queue.o
 .debug_abbrev  0x00000000000034de      0x338 Middlewares/Third_Party/FreeRTOS/Source/tasks.o
 .debug_abbrev  0x0000000000003816      0x2ae Middlewares/Third_Party/FreeRTOS/Source/timers.o
 .debug_abbrev  0x0000000000003ac4      0x210 Middlewares/Third_Party/FreeRTOS/Source/portable/GCC/ARM_CM4F/port.o
 .debug_abbrev  0x0000000000003cd4      0x29e Middlewares/Third_Party/FreeRTOS/Source/portable/MemMang/heap_4.o

.debug_aranges  0x0000000000000000     0x1838
 .debug_aranges
                0x0000000000000000       0x20 Core/Src/gpio.o
 .debug_aranges
                0x0000000000000020       0x78 Core/Src/main.o
 .debug_aranges
                0x0000000000000098       0x20 Core/Src/stm32g4xx_hal_msp.o
 .debug_aranges
                0x00000000000000b8       0x30 Core/Src/stm32g4xx_hal_timebase_tim.o
 .debug_aranges
                0x00000000000000e8       0x58 Core/Src/stm32g4xx_it.o
 .debug_aranges
                0x0000000000000140       0xa8 Core/Src/syscalls.o
 .debug_aranges
                0x00000000000001e8       0x28 Core/Src/system_stm32g4xx.o
 .debug_aranges
                0x0000000000000210       0x30 Core/Src/usart.o
 .debug_aranges
                0x0000000000000240       0x28 Core/Startup/startup_stm32g474qetx.o
 .debug_aranges
                0x0000000000000268      0x130 Drivers/STM32G4xx_HAL_Driver/Src/stm32g4xx_hal.o
 .debug_aranges
                0x0000000000000398      0x118 Drivers/STM32G4xx_HAL_Driver/Src/stm32g4xx_hal_cortex.o
 .debug_aranges
                0x00000000000004b0       0x90 Drivers/STM32G4xx_HAL_Driver/Src/stm32g4xx_hal_dma.o
 .debug_aranges
                0x0000000000000540       0x58 Drivers/STM32G4xx_HAL_Driver/Src/stm32g4xx_hal_gpio.o
 .debug_aranges
                0x0000000000000598      0x140 Drivers/STM32G4xx_HAL_Driver/Src/stm32g4xx_hal_pwr_ex.o
 .debug_aranges
                0x00000000000006d8       0x98 Drivers/STM32G4xx_HAL_Driver/Src/stm32g4xx_hal_rcc.o
 .debug_aranges
                0x0000000000000770       0xb0 Drivers/STM32G4xx_HAL_Driver/Src/stm32g4xx_hal_rcc_ex.o
 .debug_aranges
                0x0000000000000820      0x3e0 Drivers/STM32G4xx_HAL_Driver/Src/stm32g4xx_hal_tim.o
 .debug_aranges
                0x0000000000000c00      0x240 Drivers/STM32G4xx_HAL_Driver/Src/stm32g4xx_hal_tim_ex.o
 .debug_aranges
                0x0000000000000e40      0x230 Drivers/STM32G4xx_HAL_Driver/Src/stm32g4xx_hal_uart.o
 .debug_aranges
                0x0000000000001070       0x88 Drivers/STM32G4xx_HAL_Driver/Src/stm32g4xx_hal_uart_ex.o
 .debug_aranges
                0x00000000000010f8       0x48 Guowlib_cpp/Src/observable.o
 .debug_aranges
                0x0000000000001140       0x30 Guowlib_cpp/Src/task_wrapper.o
 .debug_aranges
                0x0000000000001170       0x70 Guowlib_cpp/Src/uart_wrapper.o
 .debug_aranges
                0x00000000000011e0      0x1d8 Middlewares/Third_Party/FreeRTOS/Source/CMSIS_RTOS/cmsis_os.o
 .debug_aranges
                0x00000000000013b8       0x40 Middlewares/Third_Party/FreeRTOS/Source/list.o
 .debug_aranges
                0x00000000000013f8      0x108 Middlewares/Third_Party/FreeRTOS/Source/queue.o
 .debug_aranges
                0x0000000000001500      0x1a8 Middlewares/Third_Party/FreeRTOS/Source/tasks.o
 .debug_aranges
                0x00000000000016a8       0xc0 Middlewares/Third_Party/FreeRTOS/Source/timers.o
 .debug_aranges
                0x0000000000001768       0x80 Middlewares/Third_Party/FreeRTOS/Source/portable/GCC/ARM_CM4F/port.o
 .debug_aranges
                0x00000000000017e8       0x50 Middlewares/Third_Party/FreeRTOS/Source/portable/MemMang/heap_4.o

.debug_ranges   0x0000000000000000     0x1660
 .debug_ranges  0x0000000000000000       0x10 Core/Src/gpio.o
 .debug_ranges  0x0000000000000010       0x68 Core/Src/main.o
 .debug_ranges  0x0000000000000078       0x10 Core/Src/stm32g4xx_hal_msp.o
 .debug_ranges  0x0000000000000088       0x20 Core/Src/stm32g4xx_hal_timebase_tim.o
 .debug_ranges  0x00000000000000a8       0x48 Core/Src/stm32g4xx_it.o
 .debug_ranges  0x00000000000000f0       0x98 Core/Src/syscalls.o
 .debug_ranges  0x0000000000000188       0x18 Core/Src/system_stm32g4xx.o
 .debug_ranges  0x00000000000001a0       0x20 Core/Src/usart.o
 .debug_ranges  0x00000000000001c0       0x20 Core/Startup/startup_stm32g474qetx.o
 .debug_ranges  0x00000000000001e0      0x120 Drivers/STM32G4xx_HAL_Driver/Src/stm32g4xx_hal.o
 .debug_ranges  0x0000000000000300      0x108 Drivers/STM32G4xx_HAL_Driver/Src/stm32g4xx_hal_cortex.o
 .debug_ranges  0x0000000000000408       0x80 Drivers/STM32G4xx_HAL_Driver/Src/stm32g4xx_hal_dma.o
 .debug_ranges  0x0000000000000488       0x48 Drivers/STM32G4xx_HAL_Driver/Src/stm32g4xx_hal_gpio.o
 .debug_ranges  0x00000000000004d0      0x130 Drivers/STM32G4xx_HAL_Driver/Src/stm32g4xx_hal_pwr_ex.o
 .debug_ranges  0x0000000000000600       0x88 Drivers/STM32G4xx_HAL_Driver/Src/stm32g4xx_hal_rcc.o
 .debug_ranges  0x0000000000000688       0xa0 Drivers/STM32G4xx_HAL_Driver/Src/stm32g4xx_hal_rcc_ex.o
 .debug_ranges  0x0000000000000728      0x3d0 Drivers/STM32G4xx_HAL_Driver/Src/stm32g4xx_hal_tim.o
 .debug_ranges  0x0000000000000af8      0x230 Drivers/STM32G4xx_HAL_Driver/Src/stm32g4xx_hal_tim_ex.o
 .debug_ranges  0x0000000000000d28      0x220 Drivers/STM32G4xx_HAL_Driver/Src/stm32g4xx_hal_uart.o
 .debug_ranges  0x0000000000000f48       0x78 Drivers/STM32G4xx_HAL_Driver/Src/stm32g4xx_hal_uart_ex.o
 .debug_ranges  0x0000000000000fc0       0x38 Guowlib_cpp/Src/observable.o
 .debug_ranges  0x0000000000000ff8       0x20 Guowlib_cpp/Src/task_wrapper.o
 .debug_ranges  0x0000000000001018       0x60 Guowlib_cpp/Src/uart_wrapper.o
 .debug_ranges  0x0000000000001078      0x1c8 Middlewares/Third_Party/FreeRTOS/Source/CMSIS_RTOS/cmsis_os.o
 .debug_ranges  0x0000000000001240       0x30 Middlewares/Third_Party/FreeRTOS/Source/list.o
 .debug_ranges  0x0000000000001270       0xf8 Middlewares/Third_Party/FreeRTOS/Source/queue.o
 .debug_ranges  0x0000000000001368      0x198 Middlewares/Third_Party/FreeRTOS/Source/tasks.o
 .debug_ranges  0x0000000000001500       0xb0 Middlewares/Third_Party/FreeRTOS/Source/timers.o
 .debug_ranges  0x00000000000015b0       0x70 Middlewares/Third_Party/FreeRTOS/Source/portable/GCC/ARM_CM4F/port.o
 .debug_ranges  0x0000000000001620       0x40 Middlewares/Third_Party/FreeRTOS/Source/portable/MemMang/heap_4.o

.debug_macro    0x0000000000000000     0x67d5
 .debug_macro   0x0000000000000000      0x1e7 Core/Src/gpio.o
 .debug_macro   0x00000000000001e7      0x2d7 Core/Src/main.o
 .debug_macro   0x00000000000004be      0xb32 Core/Src/main.o
 .debug_macro   0x0000000000000ff0       0x1c Core/Src/main.o
 .debug_macro   0x000000000000100c     0x1011 Core/Src/main.o
 .debug_macro   0x000000000000201d      0x17b Core/Src/main.o
 .debug_macro   0x0000000000002198      0x10b Core/Src/main.o
 .debug_macro   0x00000000000022a3      0x1dd Core/Src/stm32g4xx_hal_msp.o
 .debug_macro   0x0000000000002480      0x1ce Core/Src/stm32g4xx_hal_timebase_tim.o
 .debug_macro   0x000000000000264e      0x1e7 Core/Src/stm32g4xx_it.o
 .debug_macro   0x0000000000002835      0x243 Core/Src/syscalls.o
 .debug_macro   0x0000000000002a78       0x40 Core/Src/syscalls.o
 .debug_macro   0x0000000000002ab8       0x18 Core/Src/syscalls.o
 .debug_macro   0x0000000000002ad0       0x94 Core/Src/syscalls.o
 .debug_macro   0x0000000000002b64       0x3c Core/Src/syscalls.o
 .debug_macro   0x0000000000002ba0       0x34 Core/Src/syscalls.o
 .debug_macro   0x0000000000002bd4       0x57 Core/Src/syscalls.o
 .debug_macro   0x0000000000002c2b      0x330 Core/Src/syscalls.o
 .debug_macro   0x0000000000002f5b       0x52 Core/Src/syscalls.o
 .debug_macro   0x0000000000002fad       0x1f Core/Src/syscalls.o
 .debug_macro   0x0000000000002fcc       0x43 Core/Src/syscalls.o
 .debug_macro   0x000000000000300f       0x20 Core/Src/syscalls.o
 .debug_macro   0x000000000000302f      0x1a3 Core/Src/syscalls.o
 .debug_macro   0x00000000000031d2       0x10 Core/Src/syscalls.o
 .debug_macro   0x00000000000031e2       0x35 Core/Src/syscalls.o
 .debug_macro   0x0000000000003217       0x10 Core/Src/syscalls.o
 .debug_macro   0x0000000000003227       0x10 Core/Src/syscalls.o
 .debug_macro   0x0000000000003237       0x10 Core/Src/syscalls.o
 .debug_macro   0x0000000000003247       0x1c Core/Src/syscalls.o
 .debug_macro   0x0000000000003263       0x52 Core/Src/syscalls.o
 .debug_macro   0x00000000000032b5       0x40 Core/Src/syscalls.o
 .debug_macro   0x00000000000032f5       0x10 Core/Src/syscalls.o
 .debug_macro   0x0000000000003305       0x40 Core/Src/syscalls.o
 .debug_macro   0x0000000000003345       0xd7 Core/Src/syscalls.o
 .debug_macro   0x000000000000341c       0x1c Core/Src/syscalls.o
 .debug_macro   0x0000000000003438       0x3d Core/Src/syscalls.o
 .debug_macro   0x0000000000003475       0x35 Core/Src/syscalls.o
 .debug_macro   0x00000000000034aa      0x122 Core/Src/syscalls.o